Component: ARM Compiler 5.06 update 7 (build 960) Tool: armlink [4d3601]

==============================================================================

Section Cross References

    startup_stm32f103xb.o(STACK) refers (Special) to heapauxi.o(.text) for __use_two_region_memory
    startup_stm32f103xb.o(HEAP) refers (Special) to heapauxi.o(.text) for __use_two_region_memory
    startup_stm32f103xb.o(RESET) refers (Special) to heapauxi.o(.text) for __use_two_region_memory
    startup_stm32f103xb.o(RESET) refers to startup_stm32f103xb.o(STACK) for __initial_sp
    startup_stm32f103xb.o(RESET) refers to startup_stm32f103xb.o(.text) for Reset_Handler
    startup_stm32f103xb.o(RESET) refers to stm32f1xx_it.o(i.NMI_Handler) for NMI_Handler
    startup_stm32f103xb.o(RESET) refers to stm32f1xx_it.o(i.HardFault_Handler) for HardFault_Handler
    startup_stm32f103xb.o(RESET) refers to stm32f1xx_it.o(i.MemManage_Handler) for MemManage_Handler
    startup_stm32f103xb.o(RESET) refers to stm32f1xx_it.o(i.BusFault_Handler) for BusFault_Handler
    startup_stm32f103xb.o(RESET) refers to stm32f1xx_it.o(i.UsageFault_Handler) for UsageFault_Handler
    startup_stm32f103xb.o(RESET) refers to stm32f1xx_it.o(i.SVC_Handler) for SVC_Handler
    startup_stm32f103xb.o(RESET) refers to stm32f1xx_it.o(i.DebugMon_Handler) for DebugMon_Handler
    startup_stm32f103xb.o(RESET) refers to stm32f1xx_it.o(i.PendSV_Handler) for PendSV_Handler
    startup_stm32f103xb.o(RESET) refers to stm32f1xx_it.o(i.SysTick_Handler) for SysTick_Handler
    startup_stm32f103xb.o(RESET) refers to stm32f1xx_it.o(i.TIM2_IRQHandler) for TIM2_IRQHandler
    startup_stm32f103xb.o(RESET) refers to stm32f1xx_it.o(i.USART2_IRQHandler) for USART2_IRQHandler
    startup_stm32f103xb.o(RESET) refers to stm32f1xx_it.o(i.USART3_IRQHandler) for USART3_IRQHandler
    startup_stm32f103xb.o(RESET) refers to stm32f1xx_it.o(i.EXTI15_10_IRQHandler) for EXTI15_10_IRQHandler
    startup_stm32f103xb.o(.text) refers (Special) to heapauxi.o(.text) for __use_two_region_memory
    startup_stm32f103xb.o(.text) refers to system_stm32f1xx.o(i.SystemInit) for SystemInit
    startup_stm32f103xb.o(.text) refers to __main.o(!!!main) for __main
    startup_stm32f103xb.o(.text) refers to startup_stm32f103xb.o(HEAP) for Heap_Mem
    startup_stm32f103xb.o(.text) refers to startup_stm32f103xb.o(STACK) for Stack_Mem
    main.o(i.SystemClock_Config) refers to rt_memclr_w.o(.text) for __aeabi_memclr4
    main.o(i.SystemClock_Config) refers to stm32f1xx_hal_rcc.o(i.HAL_RCC_OscConfig) for HAL_RCC_OscConfig
    main.o(i.SystemClock_Config) refers to stm32f1xx_hal_rcc.o(i.HAL_RCC_ClockConfig) for HAL_RCC_ClockConfig
    main.o(i.SystemClock_Config) refers to stm32f1xx_hal_rcc_ex.o(i.HAL_RCCEx_PeriphCLKConfig) for HAL_RCCEx_PeriphCLKConfig
    main.o(i.main) refers to stm32f1xx_hal.o(i.HAL_Init) for HAL_Init
    main.o(i.main) refers to main.o(i.SystemClock_Config) for SystemClock_Config
    main.o(i.main) refers to gpio.o(i.MX_GPIO_Init) for MX_GPIO_Init
    main.o(i.main) refers to usart.o(i.MX_USART1_UART_Init) for MX_USART1_UART_Init
    main.o(i.main) refers to usart.o(i.MX_USART3_UART_Init) for MX_USART3_UART_Init
    main.o(i.main) refers to tim.o(i.MX_TIM1_Init) for MX_TIM1_Init
    main.o(i.main) refers to tim.o(i.MX_TIM3_Init) for MX_TIM3_Init
    main.o(i.main) refers to tim.o(i.MX_TIM4_Init) for MX_TIM4_Init
    main.o(i.main) refers to adc.o(i.MX_ADC1_Init) for MX_ADC1_Init
    main.o(i.main) refers to adc.o(i.MX_ADC2_Init) for MX_ADC2_Init
    main.o(i.main) refers to sys.o(i.JTAG_Set) for JTAG_Set
    main.o(i.main) refers to delay.o(i.delay_init) for delay_init
    main.o(i.main) refers to oled.o(i.OLED_Init) for OLED_Init
    main.o(i.main) refers to mpu6050.o(i.MPU6050_initialize) for MPU6050_initialize
    main.o(i.main) refers to mpu6050.o(i.DMP_Init) for DMP_Init
    main.o(i.main) refers to control.o(i.Choose) for Choose
    main.o(i.main) refers to tim.o(i.MX_TIM2_Init) for MX_TIM2_Init
    main.o(i.main) refers to usart.o(i.MX_USART2_UART_Init) for MX_USART2_UART_Init
    main.o(i.main) refers to ele_ccd.o(i.CCD_Init) for CCD_Init
    main.o(i.main) refers to ele_ccd.o(i.ELE_Init) for ELE_Init
    main.o(i.main) refers to stm32f1xx_hal_cortex.o(i.HAL_NVIC_EnableIRQ) for HAL_NVIC_EnableIRQ
    main.o(i.main) refers to show.o(i.DataScope) for DataScope
    main.o(i.main) refers to show.o(i.APP_Show) for APP_Show
    main.o(i.main) refers to show.o(i.oled_show) for oled_show
    main.o(i.main) refers to main.o(.data) for .data
    gpio.o(i.MX_GPIO_Init) refers to stm32f1xx_hal_gpio.o(i.HAL_GPIO_WritePin) for HAL_GPIO_WritePin
    gpio.o(i.MX_GPIO_Init) refers to stm32f1xx_hal_gpio.o(i.HAL_GPIO_Init) for HAL_GPIO_Init
    gpio.o(i.MX_GPIO_Init) refers to stm32f1xx_hal_cortex.o(i.HAL_NVIC_SetPriority) for HAL_NVIC_SetPriority
    gpio.o(i.MX_GPIO_Init) refers to stm32f1xx_hal_cortex.o(i.HAL_NVIC_DisableIRQ) for HAL_NVIC_DisableIRQ
[...]
    HAL_TIM_PWM_Start                        0x0800330d   Thumb Code   144  stm32f1xx_hal_tim.o(i.HAL_TIM_PWM_Start)
    HAL_TIM_PeriodElapsedCallback            0x080033a9   Thumb Code    44  tim.o(i.HAL_TIM_PeriodElapsedCallback)
    HAL_TIM_ReadCapturedValue                0x080033dd   Thumb Code    42  stm32f1xx_hal_tim.o(i.HAL_TIM_ReadCapturedValue)
    HAL_TIM_TriggerCallback                  0x08003407   Thumb Code     2  stm32f1xx_hal_tim.o(i.HAL_TIM_TriggerCallback)
    HAL_UARTEx_RxEventCallback               0x08003409   Thumb Code     2  stm32f1xx_hal_uart.o(i.HAL_UARTEx_RxEventCallback)
    HAL_UART_ErrorCallback                   0x0800340b   Thumb Code     2  stm32f1xx_hal_uart.o(i.HAL_UART_ErrorCallback)
    HAL_UART_IRQHandler                      0x0800340d   Thumb Code   520  stm32f1xx_hal_uart.o(i.HAL_UART_IRQHandler)
    HAL_UART_Init                            0x08003619   Thumb Code    98  stm32f1xx_hal_uart.o(i.HAL_UART_Init)
    HAL_UART_MspInit                         0x0800367d   Thumb Code   270  usart.o(i.HAL_UART_MspInit)
    HAL_UART_Receive_IT                      0x080037a5   Thumb Code    42  stm32f1xx_hal_uart.o(i.HAL_UART_Receive_IT)
    HAL_UART_RxCpltCallback                  0x080037d1   Thumb Code   796  usart3.o(i.HAL_UART_RxCpltCallback)
    HAL_UART_TxCpltCallback                  0x08003b3d   Thumb Code     2  stm32f1xx_hal_uart.o(i.HAL_UART_TxCpltCallback)
    HardFault_Handler                        0x08003b3f   Thumb Code     2  stm32f1xx_it.o(i.HardFault_Handler)
    I2C_ReadOneByte                          0x08003b41   Thumb Code    62  ioi2c.o(i.I2C_ReadOneByte)
    IIC_Ack                                  0x08003b81   Thumb Code    54  ioi2c.o(i.IIC_Ack)
    IIC_NAck                                 0x08003bc1   Thumb Code    56  ioi2c.o(i.IIC_NAck)
    IIC_Read_Byte                            0x08003c01   Thumb Code   100  ioi2c.o(i.IIC_Read_Byte)
    IIC_Send_Byte                            0x08003c6d   Thumb Code    86  ioi2c.o(i.IIC_Send_Byte)
    IIC_Start                                0x08003ccd   Thumb Code    72  ioi2c.o(i.IIC_Start)
    IIC_Stop                                 0x08003d1d   Thumb Code    56  ioi2c.o(i.IIC_Stop)
    IIC_Wait_Ack                             0x08003d5d   Thumb Code    80  ioi2c.o(i.IIC_Wait_Ack)
    IICreadByte                              0x08003db5   Thumb Code    14  ioi2c.o(i.IICreadByte)
    IICwriteBit                              0x08003dc3   Thumb Code    50  ioi2c.o(i.IICwriteBit)
    IICwriteBits                             0x08003df5   Thumb Code    84  ioi2c.o(i.IICwriteBits)
    IICwriteByte                             0x08003e49   Thumb Code    12  ioi2c.o(i.IICwriteByte)
    IICwriteBytes                            0x08003e55   Thumb Code    68  ioi2c.o(i.IICwriteBytes)
    JTAG_Set                                 0x08003e99   Thumb Code    30  sys.o(i.JTAG_Set)
    KF_X                                     0x08003ec1   Thumb Code   588  kf.o(i.KF_X)
    KF_Y                                     0x08004119   Thumb Code   594  kf.o(i.KF_Y)
    Key                                      0x08004379   Thumb Code    50  control.o(i.Key)
    Lidar_Avoid                              0x080043b5   Thumb Code   184  control.o(i.Lidar_Avoid)
    Lidar_Follow                             0x080044a9   Thumb Code   196  control.o(i.Lidar_Follow)
    Lidar_Straight                           0x080045a5   Thumb Code   164  control.o(i.Lidar_Straight)
    Lidar_follow_PID                         0x08004679   Thumb Code    68  lidar.o(i.Lidar_follow_PID)
    Long_Press                               0x080046cd   Thumb Code    52  key.o(i.Long_Press)
    MPU6050_initialize                       0x08004709   Thumb Code    42  mpu6050.o(i.MPU6050_initialize)
    MPU6050_setClockSource                   0x08004733   Thumb Code    18  mpu6050.o(i.MPU6050_setClockSource)
    MPU6050_setFullScaleAccelRange           0x08004745   Thumb Code    18  mpu6050.o(i.MPU6050_setFullScaleAccelRange)
    MPU6050_setFullScaleGyroRange            0x08004757   Thumb Code    18  mpu6050.o(i.MPU6050_setFullScaleGyroRange)
    MPU6050_setI2CBypassEnabled              0x08004769   Thumb Code    12  mpu6050.o(i.MPU6050_setI2CBypassEnabled)
    MPU6050_setI2CMasterModeEnabled          0x08004775   Thumb Code    12  mpu6050.o(i.MPU6050_setI2CMasterModeEnabled)
    MPU6050_setSleepEnabled                  0x08004781   Thumb Code    12  mpu6050.o(i.MPU6050_setSleepEnabled)
    MX_ADC1_Init                             0x0800478d   Thumb Code    76  adc.o(i.MX_ADC1_Init)
    MX_ADC2_Init                             0x080047e1   Thumb Code    70  adc.o(i.MX_ADC2_Init)
    MX_GPIO_Init                             0x08004831   Thumb Code   258  gpio.o(i.MX_GPIO_Init)
    MX_TIM1_Init                             0x08004945   Thumb Code   224  tim.o(i.MX_TIM1_Init)
    MX_TIM2_Init                             0x08004a2d   Thumb Code   156  tim.o(i.MX_TIM2_Init)
    MX_TIM3_Init                             0x08004acd   Thumb Code   106  tim.o(i.MX_TIM3_Init)
    MX_TIM4_Init                             0x08004b41   Thumb Code   106  tim.o(i.MX_TIM4_Init)
    MX_USART1_UART_Init                      0x08004bb5   Thumb Code    48  usart.o(i.MX_USART1_UART_Init)
    MX_USART2_UART_Init                      0x08004bed   Thumb Code    54  usart.o(i.MX_USART2_UART_Init)
    MX_USART3_UART_Init                      0x08004c31   Thumb Code    54  usart.o(i.MX_USART3_UART_Init)
    MemManage_Handler                        0x08004c75   Thumb Code     2  stm32f1xx_it.o(i.MemManage_Handler)
    NMI_Handler                              0x08004c77   Thumb Code     2  stm32f1xx_it.o(i.NMI_Handler)
    OLED_Clear                               0x08004c79   Thumb Code    40  oled.o(i.OLED_Clear)
    OLED_DrawPoint                           0x08004ca5   Thumb Code    54  oled.o(i.OLED_DrawPoint)
    OLED_DrawPoint_Shu                       0x08004ce1   Thumb Code    46  oled.o(i.OLED_DrawPoint_Shu)
    OLED_Init                                0x08004d11   Thumb Code   232  oled.o(i.OLED_Init)
    OLED_Refresh_Gram                        0x08004dfd   Thumb Code    70  oled.o(i.OLED_Refresh_Gram)
    OLED_ShowChar                            0x08004e49   Thumb Code   134  oled.o(i.OLED_ShowChar)
    OLED_ShowNumber                          0x08004ed9   Thumb Code   120  oled.o(i.OLED_ShowNumber)
    OLED_ShowString                          0x08004f51   Thumb Code    62  oled.o(i.OLED_ShowString)
    OLED_Show_CCD                            0x08004f91   Thumb Code    42  oled.o(i.OLED_Show_CCD)
    OLED_WR_Byte                             0x08004fc5   Thumb Code    64  oled.o(i.OLED_WR_Byte)
    PWM_Limit                                0x0800500d   Thumb Code    14  control.o(i.PWM_Limit)
    PendSV_Handler                           0x0800501b   Thumb Code     2  stm32f1xx_it.o(i.PendSV_Handler)
    Pick_Up                                  0x0800501d   Thumb Code   176  control.o(i.Pick_Up)
    Put_Down                                 0x080050d9   Thumb Code   120  control.o(i.Put_Down)
    RD_TSL                                   0x0800515d   Thumb Code   116  ele_ccd.o(i.RD_TSL)
    Read_DMP                                 0x080051dd   Thumb Code   424  mpu6050.o(i.Read_DMP)
    Read_Distane                             0x0800538d   Thumb Code    60  tim.o(i.Read_Distane)
    Read_Encoder                             0x080053d5   Thumb Code    44  encoder.o(i.Read_Encoder)
    Read_Temperature                         0x08005409   Thumb Code    80  mpu6050.o(i.Read_Temperature)
    SVC_Handler                              0x08005469   Thumb Code     2  stm32f1xx_it.o(i.SVC_Handler)
    Select_Zhongzhi                          0x0800546d   Thumb Code    32  control.o(i.Select_Zhongzhi)
    Set_Pwm                                  0x08005495   Thumb Code    74  control.o(i.Set_Pwm)
    SysTick_Handler                          0x080054e9   Thumb Code     4  stm32f1xx_it.o(i.SysTick_Handler)
    SystemClock_Config                       0x080054ed   Thumb Code   120  main.o(i.SystemClock_Config)
    SystemInit                               0x08005565   Thumb Code     2  system_stm32f1xx.o(i.SystemInit)
    TIM2_IRQHandler                          0x08005569   Thumb Code     6  stm32f1xx_it.o(i.TIM2_IRQHandler)
    TIM_Base_SetConfig                       0x08005575   Thumb Code    94  stm32f1xx_hal_tim.o(i.TIM_Base_SetConfig)
    TIM_CCxChannelCmd                        0x080055e1   Thumb Code    26  stm32f1xx_hal_tim.o(i.TIM_CCxChannelCmd)
    TIM_ETR_SetConfig                        0x080055fb   Thumb Code    20  stm32f1xx_hal_tim.o(i.TIM_ETR_SetConfig)
    TIM_OC2_SetConfig                        0x08005671   Thumb Code    84  stm32f1xx_hal_tim.o(i.TIM_OC2_SetConfig)
    TIM_TI1_SetConfig                        0x08005789   Thumb Code    76  stm32f1xx_hal_tim.o(i.TIM_TI1_SetConfig)
    Turn                                     0x0800583d   Thumb Code   142  control.o(i.Turn)
    Turn_Off                                 0x080058f5   Thumb Code    54  control.o(i.Turn_Off)
    UART_Start_Receive_IT                    0x08005aed   Thumb Code    54  stm32f1xx_hal_uart.o(i.UART_Start_Receive_IT)
    USART2_IRQHandler                        0x08005b25   Thumb Code     6  stm32f1xx_it.o(i.USART2_IRQHandler)
    USART3_IRQHandler                        0x08005b31   Thumb Code     6  stm32f1xx_it.o(i.USART3_IRQHandler)
    UsageFault_Handler                       0x08005b3d   Thumb Code     2  stm32f1xx_it.o(i.UsageFault_Handler)
    Velocity                                 0x08005b41   Thumb Code   376  control.o(i.Velocity)
    __ARM_fpclassify                         0x08005d21   Thumb Code    40  fpclassify.o(i.__ARM_fpclassify)
    __kernel_poly                            0x08005d69   Thumb Code   170  poly.o(i.__kernel_poly)
    __mathlib_dbl_divzero                    0x08005e15   Thumb Code    12  dunder.o(i.__mathlib_dbl_divzero)
    __mathlib_dbl_infnan                     0x08005e25   Thumb Code     6  dunder.o(i.__mathlib_dbl_infnan)
    __mathlib_dbl_infnan2                    0x08005e2b   Thumb Code     4  dunder.o(i.__mathlib_dbl_infnan2)
    __mathlib_dbl_invalid                    0x08005e2f   Thumb Code    12  dunder.o(i.__mathlib_dbl_invalid)
    __mathlib_dbl_overflow                   0x08005e3b   Thumb Code    14  dunder.o(i.__mathlib_dbl_overflow)
    __mathlib_dbl_underflow                  0x08005e49   Thumb Code    10  dunder.o(i.__mathlib_dbl_underflow)
    _sys_exit                                0x08005e59   Thumb Code     2  usart.o(i._sys_exit)
    asin                                     0x08005edd   Thumb Code   572  asin.o(i.asin)
    atan                                     0x0800614d   Thumb Code   474  atan.o(i.atan)
    atan2                                    0x0800636d   Thumb Code   374  atan2.o(i.atan2)
    click_N_Double                           0x08006509   Thumb Code   132  key.o(i.click_N_Double)
    data_process                             0x08006595   Thumb Code   486  lidar.o(i.data_process)
    delay_init                               0x0800679d   Thumb Code    26  delay.o(i.delay_init)
    delay_ms                                 0x080067bd   Thumb Code    46  delay.o(i.delay_ms)
    delay_us                                 0x080067f1   Thumb Code    46  delay.o(i.delay_us)
    dmp_enable_6x_lp_quat                    0x08006825   Thumb Code    58  inv_mpu_dmp_motion_driver.o(i.dmp_enable_6x_lp_quat)
    dmp_enable_feature                       0x08006861   Thumb Code   464  inv_mpu_dmp_motion_driver.o(i.dmp_enable_feature)
    dmp_enable_gyro_cal                      0x08006a39   Thumb Code    34  inv_mpu_dmp_motion_driver.o(i.dmp_enable_gyro_cal)
    dmp_enable_lp_quat                       0x08006a75   Thumb Code    58  inv_mpu_dmp_motion_driver.o(i.dmp_enable_lp_quat)
    dmp_load_motion_driver_firmware          0x08006ab1   Thumb Code    16  inv_mpu_dmp_motion_driver.o(i.dmp_load_motion_driver_firmware)
    dmp_read_fifo                            0x08006ac5   Thumb Code   352  inv_mpu_dmp_motion_driver.o(i.dmp_read_fifo)
    dmp_set_accel_bias                       0x08006c29   Thumb Code   210  inv_mpu_dmp_motion_driver.o(i.dmp_set_accel_bias)
    dmp_set_fifo_rate                        0x08006d01   Thumb Code    82  inv_mpu_dmp_motion_driver.o(i.dmp_set_fifo_rate)
    dmp_set_gyro_bias                        0x08006d65   Thumb Code   196  inv_mpu_dmp_motion_driver.o(i.dmp_set_gyro_bias)
    dmp_set_orientation                      0x08006e31   Thumb Code   246  inv_mpu_dmp_motion_driver.o(i.dmp_set_orientation)
    dmp_set_shake_reject_thresh              0x08006f3d   Thumb Code    48  inv_mpu_dmp_motion_driver.o(i.dmp_set_shake_reject_thresh)
    dmp_set_shake_reject_time                0x08006f6d   Thumb Code    32  inv_mpu_dmp_motion_driver.o(i.dmp_set_shake_reject_time)
    dmp_set_shake_reject_timeout             0x08006f8d   Thumb Code    32  inv_mpu_dmp_motion_driver.o(i.dmp_set_shake_reject_timeout)
    dmp_set_tap_axes                         0x08006fad   Thumb Code    64  inv_mpu_dmp_motion_driver.o(i.dmp_set_tap_axes)
    dmp_set_tap_count                        0x08006fed   Thumb Code    34  inv_mpu_dmp_motion_driver.o(i.dmp_set_tap_count)
    dmp_set_tap_thresh                       0x08007011   Thumb Code   274  inv_mpu_dmp_motion_driver.o(i.dmp_set_tap_thresh)
    dmp_set_tap_time                         0x08007139   Thumb Code    32  inv_mpu_dmp_motion_driver.o(i.dmp_set_tap_time)
    dmp_set_tap_time_multi                   0x08007159   Thumb Code    32  inv_mpu_dmp_motion_driver.o(i.dmp_set_tap_time_multi)
    fputc                                    0x08007179   Thumb Code    38  usart.o(i.fputc)
    i2cRead                                  0x08007641   Thumb Code   112  ioi2c.o(i.i2cRead)
    i2cWrite                                 0x080076b1   Thumb Code    84  ioi2c.o(i.i2cWrite)
    main                                     0x0800774d   Thumb Code   170  main.o(i.main)
    mpu_configure_fifo                       0x080077fd   Thumb Code    78  inv_mpu.o(i.mpu_configure_fifo)
    mpu_get_accel_fsr                        0x08007851   Thumb Code    54  inv_mpu.o(i.mpu_get_accel_fsr)
    mpu_get_accel_sens                       0x0800788d   Thumb Code    62  inv_mpu.o(i.mpu_get_accel_sens)
    mpu_get_gyro_fsr                         0x080078d1   Thumb Code    48  inv_mpu.o(i.mpu_get_gyro_fsr)
    mpu_get_gyro_sens                        0x08007905   Thumb Code    44  inv_mpu.o(i.mpu_get_gyro_sens)
    mpu_get_lpf                              0x08007945   Thumb Code    52  inv_mpu.o(i.mpu_get_lpf)
    mpu_get_sample_rate                      0x0800797d   Thumb Code    22  inv_mpu.o(i.mpu_get_sample_rate)
    mpu_init                                 0x08007999   Thumb Code   310  inv_mpu.o(i.mpu_init)
    mpu_load_firmware                        0x08007b21   Thumb Code   154  inv_mpu.o(i.mpu_load_firmware)
    mpu_lp_accel_mode                        0x08007bc1   Thumb Code   178  inv_mpu.o(i.mpu_lp_accel_mode)
    mpu_read_fifo_stream                     0x08007c79   Thumb Code   140  inv_mpu.o(i.mpu_read_fifo_stream)
    mpu_read_mem                             0x08007d09   Thumb Code    80  inv_mpu.o(i.mpu_read_mem)
    mpu_reset_fifo                           0x08007d5d   Thumb Code   330  inv_mpu.o(i.mpu_reset_fifo)
    mpu_run_self_test                        0x08007ead   Thumb Code   234  inv_mpu.o(i.mpu_run_self_test)
    mpu_set_accel_fsr                        0x08007f9d   Thumb Code    98  inv_mpu.o(i.mpu_set_accel_fsr)
    mpu_set_bypass                           0x08008005   Thumb Code   214  inv_mpu.o(i.mpu_set_bypass)
    mpu_set_dmp_state                        0x080080e1   Thumb Code   114  inv_mpu.o(i.mpu_set_dmp_state)
    mpu_set_gyro_fsr                         0x08008159   Thumb Code   104  inv_mpu.o(i.mpu_set_gyro_fsr)
    mpu_set_int_latched                      0x080081c5   Thumb Code    94  inv_mpu.o(i.mpu_set_int_latched)
    mpu_set_lpf                              0x08008229   Thumb Code   102  inv_mpu.o(i.mpu_set_lpf)
    mpu_set_sample_rate                      0x08008295   Thumb Code   124  inv_mpu.o(i.mpu_set_sample_rate)
    mpu_set_sensors                          0x08008315   Thumb Code   178  inv_mpu.o(i.mpu_set_sensors)
    mpu_write_mem                            0x080083cd   Thumb Code    80  inv_mpu.o(i.mpu_write_mem)
    mul                                      0x08008421   Thumb Code   122  kf.o(i.mul)
    myabs                                    0x080084b5   Thumb Code     8  control.o(i.myabs)
    myget_ms                                 0x080084bd   Thumb Code     2  inv_mpu.o(i.myget_ms)
    oled_pow                                 0x080084bf   Thumb Code    16  oled.o(i.oled_pow)
    oled_show                                0x080084d1   Thumb Code   834  show.o(i.oled_show)
    oled_show_once                           0x080088f9   Thumb Code   188  show.o(i.oled_show_once)
    pow                                      0x08008a75   Thumb Code  2512  pow.o(i.pow)
    sqrt                                     0x08009521   Thumb Code    76  sqrt.o(i.sqrt)
    __aeabi_d2f                              0x0800956d   Thumb Code     0  d2f.o(x$fpl$d2f)
    _d2f                                     0x0800956d   Thumb Code    98  d2f.o(x$fpl$d2f)
    __aeabi_dadd                             0x080095d1   Thumb Code     0  daddsub_clz.o(x$fpl$dadd)
    _dadd                                    0x080095d1   Thumb Code   332  daddsub_clz.o(x$fpl$dadd)
    __fpl_dcheck_NaN1                        0x08009721   Thumb Code    10  dcheck1.o(x$fpl$dcheck1)
    __fpl_dcmp_Inf                           0x08009731   Thumb Code    24  dcmpi.o(x$fpl$dcmpinf)
    __aeabi_ddiv                             0x08009749   Thumb Code     0  ddiv.o(x$fpl$ddiv)
    _ddiv                                    0x08009749   Thumb Code   552  ddiv.o(x$fpl$ddiv)
    __aeabi_cdcmpeq                          0x080099f9   Thumb Code     0  deqf.o(x$fpl$deqf)
    _dcmpeq                                  0x080099f9   Thumb Code   120  deqf.o(x$fpl$deqf)
    __aeabi_d2iz                             0x08009a71   Thumb Code     0  dfix.o(x$fpl$dfix)
    _dfix                                    0x08009a71   Thumb Code    94  dfix.o(x$fpl$dfix)
    __aeabi_i2d                              0x08009acf   Thumb Code     0  dflt_clz.o(x$fpl$dflt)
    _dflt                                    0x08009acf   Thumb Code    46  dflt_clz.o(x$fpl$dflt)
    __aeabi_ui2d                             0x08009afd   Thumb Code     0  dflt_clz.o(x$fpl$dfltu)
    _dfltu                                   0x08009afd   Thumb Code    38  dflt_clz.o(x$fpl$dfltu)
    __aeabi_cdcmple                          0x08009b25   Thumb Code     0  dleqf.o(x$fpl$dleqf)
    _dcmple                                  0x08009b25   Thumb Code   120  dleqf.o(x$fpl$dleqf)
    __fpl_dcmple_InfNaN                      0x08009b87   Thumb Code     0  dleqf.o(x$fpl$dleqf)
    __aeabi_dmul                             0x08009b9d   Thumb Code     0  dmul.o(x$fpl$dmul)
    _dmul                                    0x08009b9d   Thumb Code   332  dmul.o(x$fpl$dmul)
    __fpl_dnaninf                            0x08009cf1   Thumb Code   156  dnaninf.o(x$fpl$dnaninf)
    __fpl_dretinf                            0x08009d8d   Thumb Code    12  dretinf.o(x$fpl$dretinf)
    __aeabi_cdrcmple                         0x08009d99   Thumb Code     0  drleqf.o(x$fpl$drleqf)
    _drcmple                                 0x08009d99   Thumb Code   108  drleqf.o(x$fpl$drleqf)
    __aeabi_drsub                            0x08009e05   Thumb Code     0  daddsub_clz.o(x$fpl$drsb)
    _drsb                                    0x08009e05   Thumb Code    22  daddsub_clz.o(x$fpl$drsb)
    _dsqrt                                   0x08009e1d   Thumb Code   456  dsqrt_noumaal.o(x$fpl$dsqrt)
    __aeabi_dsub                             0x08009fe9   Thumb Code     0  daddsub_clz.o(x$fpl$dsub)
    _dsub                                    0x08009fe9   Thumb Code   464  daddsub_clz.o(x$fpl$dsub)
    __aeabi_f2d                              0x0800a1bd   Thumb Code     0  f2d.o(x$fpl$f2d)
    _f2d                                     0x0800a1bd   Thumb Code    86  f2d.o(x$fpl$f2d)
    __aeabi_fadd                             0x0800a215   Thumb Code     0  faddsub_clz.o(x$fpl$fadd)
    _fadd                                    0x0800a215   Thumb Code   196  faddsub_clz.o(x$fpl$fadd)
    __fpl_fcheck_NaN1                        0x0800a2d9   Thumb Code     6  fcheck1.o(x$fpl$fcheck1)
    __fpl_fcmp_Inf                           0x0800a2e5   Thumb Code    24  fcmpi.o(x$fpl$fcmpinf)
    __aeabi_fdiv                             0x0800a2fd   Thumb Code     0  fdiv.o(x$fpl$fdiv)
    _fdiv                                    0x0800a2fd   Thumb Code   384  fdiv.o(x$fpl$fdiv)
    __aeabi_f2iz                             0x0800a481   Thumb Code     0  ffix.o(x$fpl$ffix)
    _ffix                                    0x0800a481   Thumb Code    54  ffix.o(x$fpl$ffix)
    __aeabi_f2uiz                            0x0800a4b9   Thumb Code     0  ffixu.o(x$fpl$ffixu)
    _ffixu                                   0x0800a4b9   Thumb Code    62  ffixu.o(x$fpl$ffixu)
    __aeabi_i2f                              0x0800a4f9   Thumb Code     0  fflt_clz.o(x$fpl$fflt)
    _fflt                                    0x0800a4f9   Thumb Code    48  fflt_clz.o(x$fpl$fflt)
    __aeabi_ui2f                             0x0800a529   Thumb Code     0  fflt_clz.o(x$fpl$ffltu)
    _ffltu                                   0x0800a529   Thumb Code    38  fflt_clz.o(x$fpl$ffltu)
    __aeabi_cfcmple                          0x0800a551   Thumb Code     0  fleqf.o(x$fpl$fleqf)
    _fcmple                                  0x0800a551   Thumb Code   104  fleqf.o(x$fpl$fleqf)
    __fpl_fcmple_InfNaN                      0x0800a5a3   Thumb Code     0  fleqf.o(x$fpl$fleqf)
    __aeabi_fmul                             0x0800a5b9   Thumb Code     0  fmul.o(x$fpl$fmul)
    _fmul                                    0x0800a5b9   Thumb Code   258  fmul.o(x$fpl$fmul)
    __fpl_fnaninf                            0x0800a6bb   Thumb Code   140  fnaninf.o(x$fpl$fnaninf)
    __fpl_fretinf                            0x0800a747   Thumb Code    10  fretinf.o(x$fpl$fretinf)
    __aeabi_cfrcmple                         0x0800a751   Thumb Code     0  frleqf.o(x$fpl$frleqf)
    _frcmple                                 0x0800a751   Thumb Code    98  frleqf.o(x$fpl$frleqf)
    __aeabi_frsub                            0x0800a7b3   Thumb Code     0  faddsub_clz.o(x$fpl$frsb)
    _frsb                                    0x0800a7b3   Thumb Code    20  faddsub_clz.o(x$fpl$frsb)
    __aeabi_fsub                             0x0800a7c9   Thumb Code     0  faddsub_clz.o(x$fpl$fsub)
    _fsub                                    0x0800a7c9   Thumb Code   234  faddsub_clz.o(x$fpl$fsub)
    __fpl_return_NaN                         0x0800a8b3   Thumb Code   100  retnan.o(x$fpl$retnan)
    __ARM_scalbn                             0x0800a917   Thumb Code    92  scalbn.o(x$fpl$scalbn)
    __ARM_scalbnf                            0x0800a973   Thumb Code    76  scalbnf.o(x$fpl$scalbnf)
    __fpl_cmpreturn                          0x0800a9bf   Thumb Code    48  trapv.o(x$fpl$trapveneer)
    AHBPrescTable                            0x0800a9ee   Data          16  system_stm32f1xx.o(.constdata)
    __I$use$fp                               0x0800a9ee   Number         0  usenofp.o(x$fpl$usenofp)
    APBPrescTable                            0x0800a9fe   Data           8  system_stm32f1xx.o(.constdata)
    oled_asc2_1206                           0x0800aa06   Data        1140  oled.o(.constdata)
    oled_asc2_1608                           0x0800ae7a   Data        1520  oled.o(.constdata)
    hw                                       0x0800b46a   Data          12  inv_mpu.o(.constdata)
    reg                                      0x0800b476   Data          27  inv_mpu.o(.constdata)
    test                                     0x0800b494   Data          40  inv_mpu.o(.constdata)
    __mathlib_zero                           0x0800c2e0   Data           8  qnan.o(.constdata)
    Region$$Table$$Base                      0x0800c338   Number         0  anon$$obj.o(Region$$Table)
    Region$$Table$$Limit                     0x0800c358   Number         0  anon$$obj.o(Region$$Table)
    Way_Angle                                0x20000000   Data           1  main.o(.data)
    Flag_velocity                            0x20000001   Data           1  main.o(.data)
    Flag_Stop                                0x20000002   Data           1  main.o(.data)
    Flag_Show                                0x20000003   Data           1  main.o(.data)
    Mode                                     0x20000004   Data           1  main.o(.data)
    delay_flag                               0x20000005   Data           1  main.o(.data)
    delay_50                                 0x20000006   Data           1  main.o(.data)
    Flag_follow                              0x20000007   Data           1  main.o(.data)
    Flag_avoid                               0x20000008   Data           1  main.o(.data)
    Balance_Kp                               0x2000000c   Data           4  main.o(.data)
    Balance_Kd                               0x20000010   Data           4  main.o(.data)
    Velocity_Kp                              0x20000014   Data           4  main.o(.data)
    Velocity_Ki                              0x20000018   Data           4  main.o(.data)
    Turn_Kp                                  0x2000001c   Data           4  main.o(.data)
    Turn_Kd                                  0x20000020   Data           4  main.o(.data)
    Flag_front                               0x20000024   Data           1  main.o(.data)
    Flag_back                                0x20000025   Data           1  main.o(.data)
    Flag_Left                                0x20000026   Data           1  main.o(.data)
    Flag_Right                               0x20000027   Data           1  main.o(.data)
    Motor_Left                               0x20000028   Data           4  main.o(.data)
    Motor_Right                              0x2000002c   Data           4  main.o(.data)
    Temperature                              0x20000030   Data           4  main.o(.data)
    Voltage                                  0x20000034   Data           4  main.o(.data)
    Middle_angle                             0x20000038   Data           4  main.o(.data)
    Angle_Balance                            0x2000003c   Data           4  main.o(.data)
    Gyro_Balance                             0x20000040   Data           4  main.o(.data)
    Gyro_Turn                                0x20000044   Data           4  main.o(.data)
    LD_Successful_Receive_flag               0x20000048   Data           1  main.o(.data)
    CCD_Zhongzhi                             0x20000049   Data           1  main.o(.data)
    CCD_Yuzhi                                0x2000004a   Data           1  main.o(.data)
    determine                                0x2000004c   Data           2  main.o(.data)
    Move_X                                   0x20000050   Data           4  main.o(.data)
    Move_Z                                   0x20000054   Data           4  main.o(.data)
    Distance                                 0x20000058   Data           4  main.o(.data)
    PID_Send                                 0x2000005c   Data           1  main.o(.data)
    Acceleration_Z                           0x20000060   Data           4  main.o(.data)
    TIM2CH2_CAPTURE_STA                      0x20000064   Data           2  tim.o(.data)
    TIM2CH2_CAPTURE_VAL                      0x20000066   Data           2  tim.o(.data)
    __stdout                                 0x20000068   Data           4  usart.o(.data)
    uwTickFreq                               0x2000006c   Data           1  stm32f1xx_hal.o(.data)
    uwTickPrio                               0x20000070   Data           4  stm32f1xx_hal.o(.data)
    uwTick                                   0x20000074   Data           4  stm32f1xx_hal.o(.data)
    SystemCoreClock                          0x20000078   Data           4  system_stm32f1xx.o(.data)
    Usart2_Receive_buf                       0x2000008e   Data           1  usart3.o(.data)
    Usart3_Receive_buf                       0x2000008f   Data           1  usart3.o(.data)
    Usart3_Receive                           0x20000090   Data           1  usart3.o(.data)
    Follow_KP                                0x200000a0   Data           4  lidar.o(.data)
    Follow_KD                                0x200000a4   Data           4  lidar.o(.data)
    Follow_KI                                0x200000a8   Data           4  lidar.o(.data)
    Sensor_Left                              0x20000134   Data           4  control.o(.data)
    Sensor_Middle                            0x20000138   Data           4  control.o(.data)
    Sensor_Right                             0x2000013c   Data           4  control.o(.data)
    Sensor                                   0x20000140   Data           4  control.o(.data)
    dt                                       0x20000144   Data           4  filter.o(.data)
    sensors                                  0x200001f4   Data           2  mpu6050.o(.data)
    q0                                       0x200001f8   Data           4  mpu6050.o(.data)
    q1                                       0x200001fc   Data           4  mpu6050.o(.data)
    q2                                       0x20000200   Data           4  mpu6050.o(.data)
    q3                                       0x20000204   Data           4  mpu6050.o(.data)
    Roll                                     0x20000208   Data           4  mpu6050.o(.data)
    Pitch                                    0x2000020c   Data           4  mpu6050.o(.data)
    Yaw                                      0x20000210   Data           4  mpu6050.o(.data)
    gyro                                     0x20000214   Data           6  mpu6050.o(.data)
    accel                                    0x2000021a   Data           6  mpu6050.o(.data)
    Velocity_Left                            0x20000230   Data           4  show.o(.data)
    Velocity_Right                           0x20000234   Data           4  show.o(.data)
    ADV                                      0x20000288   Data         256  main.o(.bss)
    hadc1                                    0x20000388   Data          48  adc.o(.bss)
    hadc2                                    0x200003b8   Data          48  adc.o(.bss)
    htim1                                    0x200003e8   Data          72  tim.o(.bss)
    htim2                                    0x20000430   Data          72  tim.o(.bss)
    htim3                                    0x20000478   Data          72  tim.o(.bss)
    htim4                                    0x200004c0   Data          72  tim.o(.bss)
    huart1                                   0x20000508   Data          68  usart.o(.bss)
    huart2                                   0x2000054c   Data          68  usart.o(.bss)
    huart3                                   0x20000590   Data          68  usart.o(.bss)
    OLED_GRAM                                0x200005d4   Data        1024  oled.o(.bss)
    PointDataProcess                         0x20000a08   Data        1800  lidar.o(.bss)
    Pack_Data                                0x20001110   Data          58  lidar.o(.bss)
    Dataprocess                              0x2000114c   Data        1800  lidar.o(.bss)
    DataScope_OutPut_Buffer                  0x20001854   Data          42  datascope_dp.o(.bss)
    __libspace_start                         0x200018b0   Data          96  libspace.o(.bss)
    __temporary_stack_top$libspace           0x20001910   Data           0  libspace.o(.bss)



==============================================================================

Memory Map of the image

  Image Entry point : 0x080000ed

  Load Region LR_IROM1 (Base: 0x08000000, Size: 0x0000c5e0, Max: 0x00010000, ABSOLUTE, COMPRESSED[0x0000c3ac])

    Execution Region ER_IROM1 (Exec base: 0x08000000, Load base: 0x08000000, Size: 0x0000c358, Max: 0x00010000, ABSOLUTE)

    Exec Addr    Load Addr    Size         Type   Attr      Idx    E Section Name        Object

    0x08000000   0x08000000   0x000000ec   Data   RO            3    RESET               startup_stm32f103xb.o
    0x080000ec   0x080000ec   0x00000008   Code   RO         4774  * !!!main             c_w.l(__main.o)
    0x080000f4   0x080000f4   0x00000034   Code   RO         5119    !!!scatter          c_w.l(__scatter.o)
    0x08000128   0x08000128   0x0000005a   Code   RO         5117    !!dczerorl2         c_w.l(__dczerorl2.o)
    0x08000182   0x08000182   0x00000002   PAD
    0x08000184   0x08000184   0x0000001c   Code   RO         5121    !!handler_zi        c_w.l(__scatter_zi.o)
    0x080001a0   0x080001a0   0x00000000   Code   RO         4763    .ARM.Collect$$_printf_percent$$00000000  c_w.l(_printf_percent.o)
    0x080001a0   0x080001a0   0x00000006   Code   RO         4762    .ARM.Collect$$_printf_percent$$00000009  c_w.l(_printf_d.o)
    0x080001a6   0x080001a6   0x00000004   Code   RO         4875    .ARM.Collect$$_printf_percent$$00000017  c_w.l(_printf_percent_end.o)
    0x080001aa   0x080001aa   0x00000002   Code   RO         4986    .ARM.Collect$$libinit$$00000000  c_w.l(libinit.o)
    0x080001ac   0x080001ac   0x00000000   Code   RO         4996    .ARM.Collect$$libinit$$00000002  c_w.l(libinit2.o)
    0x080001ac   0x080001ac   0x00000000   Code   RO         4998    .ARM.Collect$$libinit$$00000004  c_w.l(libinit2.o)
    0x080001ac   0x080001ac   0x00000000   Code   RO         5001    .ARM.Collect$$libinit$$0000000A  c_w.l(libinit2.o)
    0x080001ac   0x080001ac   0x00000000   Code   RO         5003    .ARM.Collect$$libinit$$0000000C  c_w.l(libinit2.o)
    0x080001ac   0x080001ac   0x00000000   Code   RO         5005    .ARM.Collect$$libinit$$0000000E  c_w.l(libinit2.o)
    0x080001ac   0x080001ac   0x00000000   Code   RO         5008    .ARM.Collect$$libinit$$00000011  c_w.l(libinit2.o)
    0x080001ac   0x080001ac   0x00000000   Code   RO         5010    .ARM.Collect$$libinit$$00000013  c_w.l(libinit2.o)
    0x080001ac   0x080001ac   0x00000000   Code   RO         5012    .ARM.Collect$$libinit$$00000015  c_w.l(libinit2.o)
    0x080001ac   0x080001ac   0x00000000   Code   RO         5014    .ARM.Collect$$libinit$$00000017  c_w.l(libinit2.o)
    0x080001ac   0x080001ac   0x00000000   Code   RO         5016    .ARM.Collect$$libinit$$00000019  c_w.l(libinit2.o)
    0x080001ac   0x080001ac   0x00000000   Code   RO         5018    .ARM.Collect$$libinit$$0000001B  c_w.l(libinit2.o)
    0x080001ac   0x080001ac   0x00000000   Code   RO         5020    .ARM.Collect$$libinit$$0000001D  c_w.l(libinit2.o)
    0x080001ac   0x080001ac   0x00000000   Code   RO         5022    .ARM.Collect$$libinit$$0000001F  c_w.l(libinit2.o)
    0x080001ac   0x080001ac   0x00000000   Code   RO         5024    .ARM.Collect$$libinit$$00000021  c_w.l(libinit2.o)
    0x080001ac   0x080001ac   0x00000000   Code   RO         5026    .ARM.Collect$$libinit$$00000023  c_w.l(libinit2.o)
    0x080001ac   0x080001ac   0x00000000   Code   RO         5028    .ARM.Collect$$libinit$$00000025  c_w.l(libinit2.o)
    0x080001ac   0x080001ac   0x00000000   Code   RO         5032    .ARM.Collect$$libinit$$0000002C  c_w.l(libinit2.o)
    0x080001ac   0x080001ac   0x00000000   Code   RO         5034    .ARM.Collect$$libinit$$0000002E  c_w.l(libinit2.o)
    0x080001ac   0x080001ac   0x00000000   Code   RO         5036    .ARM.Collect$$libinit$$00000030  c_w.l(libinit2.o)
    0x080001ac   0x080001ac   0x00000000   Code   RO         5038    .ARM.Collect$$libinit$$00000032  c_w.l(libinit2.o)
    0x080001ac   0x080001ac   0x00000002   Code   RO         5039    .ARM.Collect$$libinit$$00000033  c_w.l(libinit2.o)
    0x080001ae   0x080001ae   0x00000002   Code   RO         5067    .ARM.Collect$$libshutdown$$00000000  c_w.l(libshutdown.o)
    0x080001b0   0x080001b0   0x00000000   Code   RO         5081    .ARM.Collect$$libshutdown$$00000002  c_w.l(libshutdown2.o)
    0x080001b0   0x080001b0   0x00000000   Code   RO         5083    .ARM.Collect$$libshutdown$$00000004  c_w.l(libshutdown2.o)
    0x080001b0   0x080001b0   0x00000000   Code   RO         5085    .ARM.Collect$$libshutdown$$00000006  c_w.l(libshutdown2.o)
    0x080001b0   0x080001b0   0x00000000   Code   RO         5088    .ARM.Collect$$libshutdown$$00000009  c_w.l(libshutdown2.o)
    0x080001b0   0x080001b0   0x00000000   Code   RO         5091    .ARM.Collect$$libshutdown$$0000000C  c_w.l(libshutdown2.o)
    0x080001b0   0x080001b0   0x00000000   Code   RO         5093    .ARM.Collect$$libshutdown$$0000000E  c_w.l(libshutdown2.o)
    0x080001b0   0x080001b0   0x00000000   Code   RO         5096    .ARM.Collect$$libshutdown$$00000011  c_w.l(libshutdown2.o)
    0x080001b0   0x080001b0   0x00000002   Code   RO         5097    .ARM.Collect$$libshutdown$$00000012  c_w.l(libshutdown2.o)
    0x080001b2   0x080001b2   0x00000000   Code   RO         4866    .ARM.Collect$$rtentry$$00000000  c_w.l(__rtentry.o)
    0x080001b2   0x080001b2   0x00000000   Code   RO         4933    .ARM.Collect$$rtentry$$00000002  c_w.l(__rtentry2.o)
    0x080001b2   0x080001b2   0x00000006   Code   RO         4945    .ARM.Collect$$rtentry$$00000004  c_w.l(__rtentry4.o)
    0x080001b8   0x080001b8   0x00000000   Code   RO         4935    .ARM.Collect$$rtentry$$00000009  c_w.l(__rtentry2.o)
    0x080001b8   0x080001b8   0x00000004   Code   RO         4936    .ARM.Collect$$rtentry$$0000000A  c_w.l(__rtentry2.o)
    0x080001bc   0x080001bc   0x00000000   Code   RO         4938    .ARM.Collect$$rtentry$$0000000C  c_w.l(__rtentry2.o)
    0x080001bc   0x080001bc   0x00000008   Code   RO         4939    .ARM.Collect$$rtentry$$0000000D  c_w.l(__rtentry2.o)
    0x080001c4   0x080001c4   0x00000002   Code   RO         4989    .ARM.Collect$$rtexit$$00000000  c_w.l(rtexit.o)
    0x080001c6   0x080001c6   0x00000000   Code   RO         5041    .ARM.Collect$$rtexit$$00000002  c_w.l(rtexit2.o)
    0x080001c6   0x080001c6   0x00000004   Code   RO         5042    .ARM.Collect$$rtexit$$00000003  c_w.l(rtexit2.o)
    0x080001ca   0x080001ca   0x00000006   Code   RO         5043    .ARM.Collect$$rtexit$$00000004  c_w.l(rtexit2.o)
    0x080001d0   0x080001d0   0x00000040   Code   RO            4    .text               startup_stm32f103xb.o
    0x08000210   0x08000210   0x00000002   Code   RO         4728    .text               c_w.l(use_no_semi_2.o)
    0x08000212   0x08000212   0x00000048   Code   RO         4732    .text               c_w.l(llsdiv.o)
    0x0800025a   0x0800025a   0x00000002   PAD
    0x0800025c   0x0800025c   0x00000018   Code   RO         4736    .text               c_w.l(noretval__2printf.o)
    0x08000274   0x08000274   0x00000068   Code   RO         4738    .text               c_w.l(__printf.o)
    0x080002dc   0x080002dc   0x00000078   Code   RO         4740    .text               c_w.l(_printf_dec.o)
    0x08000354   0x08000354   0x00000058   Code   RO         4764    .text               c_w.l(memcmp.o)
    0x080003ac   0x080003ac   0x00000010   Code   RO         4766    .text               c_w.l(aeabi_memset.o)
    0x080003bc   0x080003bc   0x00000044   Code   RO         4768    .text               c_w.l(rt_memclr.o)
    0x08000400   0x08000400   0x0000004e   Code   RO         4770    .text               c_w.l(rt_memclr_w.o)
    0x0800044e   0x0800044e   0x00000006   Code   RO         4772    .text               c_w.l(heapauxi.o)
    0x08000454   0x08000454   0x00000002   Code   RO         4864    .text               c_w.l(use_no_semi.o)
    0x08000456   0x08000456   0x000000ee   Code   RO         4867    .text               c_w.l(lludivv7m.o)
    0x08000544   0x08000544   0x00000016   Code   RO         4869    .text               c_w.l(_rserrno.o)
    0x0800055a   0x0800055a   0x000000b2   Code   RO         4871    .text               c_w.l(_printf_intcommon.o)
    0x0800060c   0x0800060c   0x00000024   Code   RO         4873    .text               c_w.l(_printf_char_file.o)
    0x08000630   0x08000630   0x00000008   Code   RO         4954    .text               c_w.l(rt_errno_addr_intlibspace.o)
    0x08000638   0x08000638   0x00000030   Code   RO         4956    .text               c_w.l(_printf_char_common.o)
    0x08000668   0x08000668   0x00000008   Code   RO         4958    .text               c_w.l(ferror.o)
    0x08000670   0x08000670   0x00000008   Code   RO         4970    .text               c_w.l(libspace.o)
    0x08000678   0x08000678   0x0000004a   Code   RO         4973    .text               c_w.l(sys_stackheap_outer.o)
    0x080006c2   0x080006c2   0x00000012   Code   RO         4979    .text               c_w.l(exit.o)
    0x080006d4   0x080006d4   0x00000056   Code   RO          692    i.ADC_ConversionStop_Disable  stm32f1xx_hal_adc.o
    0x0800072a   0x0800072a   0x00000002   PAD
    0x0800072c   0x0800072c   0x0000007c   Code   RO          696    i.ADC_Enable        stm32f1xx_hal_adc.o
    0x080007a8   0x080007a8   0x00000194   Code   RO         4642    i.APP_Show          show.o
    0x0800093c   0x0800093c   0x0000005c   Code   RO         3822    i.Balance           control.o
    0x08000998   0x08000998   0x00000002   Code   RO          533    i.BusFault_Handler  stm32f1xx_it.o
    0x0800099a   0x0800099a   0x00000002   PAD
    0x0800099c   0x0800099c   0x00000068   Code   RO         3694    i.CCD_GPIO_Config   ele_ccd.o
    0x08000a04   0x08000a04   0x00000004   Code   RO         3695    i.CCD_Init          ele_ccd.o
    0x08000a08   0x08000a08   0x00000054   Code   RO         3823    i.CCD_Mode          control.o
    0x08000a5c   0x08000a5c   0x0000003c   Code   RO         3824    i.CCD_turn          control.o
    0x08000a98   0x08000a98   0x000000a0   Code   RO         3825    i.Choose            control.o
    0x08000b38   0x08000b38   0x00000044   Code   RO         4010    i.Complementary_Filter_x  filter.o
    0x08000b7c   0x08000b7c   0x00000044   Code   RO         4011    i.Complementary_Filter_y  filter.o
    0x08000bc0   0x08000bc0   0x00000230   Code   RO         4527    i.DMP_Init          mpu6050.o
    0x08000df0   0x08000df0   0x00000074   Code   RO         4643    i.DataScope         show.o
    0x08000e64   0x08000e64   0x00000080   Code   RO         3980    i.DataScope_Data_Generate  datascope_dp.o
    0x08000ee4   0x08000ee4   0x00000054   Code   RO         3981    i.DataScope_Get_Channel_Data  datascope_dp.o
    0x08000f38   0x08000f38   0x00000002   Code   RO          534    i.DebugMon_Handler  stm32f1xx_it.o
    0x08000f3a   0x08000f3a   0x00000002   PAD
    0x08000f3c   0x08000f3c   0x0000004c   Code   RO         3644    i.Distance_Adjust_PID  lidar.o
    0x08000f88   0x08000f88   0x0000000a   Code   RO         3696    i.Dly_us            ele_ccd.o
    0x08000f92   0x08000f92   0x00000002   PAD
    0x08000f94   0x08000f94   0x00000054   Code   RO         3697    i.ELE_Init          ele_ccd.o
    0x08000fe8   0x08000fe8   0x00000074   Code   RO         3826    i.ELE_Mode          control.o
    0x0800105c   0x0800105c   0x00000044   Code   RO         3827    i.ELE_turn          control.o
    0x080010a0   0x080010a0   0x00000040   Code   RO          535    i.EXTI15_10_IRQHandler  stm32f1xx_it.o
    0x080010e0   0x080010e0   0x00000004   Code   RO           13    i.Error_Handler     main.o
    0x080010e4   0x080010e4   0x000000e4   Code   RO         3828    i.Find_CCD_Zhongzhi  control.o
    0x080011c8   0x080011c8   0x00000014   Code   RO         3982    i.Float2Byte        datascope_dp.o
    0x080011dc   0x080011dc   0x00000084   Code   RO         3645    i.Follow_Turn_PID   lidar.o
    0x08001260   0x08001260   0x0000003c   Code   RO         3698    i.Get_Adc           ele_ccd.o
    0x0800129c   0x0800129c   0x000002c0   Code   RO         3829    i.Get_Angle         control.o
    0x0800155c   0x0800155c   0x000000c8   Code   RO         3830    i.Get_Velocity_Form_Encoder  control.o
    0x08001624   0x08001624   0x00000058   Code   RO          311    i.Get_battery_volt  adc.o
    0x0800167c   0x0800167c   0x000000d8   Code   RO          872    i.HAL_ADCEx_Calibration_Start  stm32f1xx_hal_adc_ex.o
    0x08001754   0x08001754   0x000000fc   Code   RO          698    i.HAL_ADC_ConfigChannel  stm32f1xx_hal_adc.o
    0x08001850   0x08001850   0x00000004   Code   RO          704    i.HAL_ADC_GetState  stm32f1xx_hal_adc.o
    0x08001854   0x08001854   0x00000006   Code   RO          705    i.HAL_ADC_GetValue  stm32f1xx_hal_adc.o
    0x0800185a   0x0800185a   0x00000002   PAD
    0x0800185c   0x0800185c   0x0000011c   Code   RO          707    i.HAL_ADC_Init      stm32f1xx_hal_adc.o
    0x08001978   0x08001978   0x000000a4   Code   RO          313    i.HAL_ADC_MspInit   adc.o
    0x08001a1c   0x08001a1c   0x0000013c   Code   RO          711    i.HAL_ADC_PollForConversion  stm32f1xx_hal_adc.o
    0x08001b58   0x08001b58   0x000000c0   Code   RO          713    i.HAL_ADC_Start     stm32f1xx_hal_adc.o
    0x08001c18   0x08001c18   0x00000046   Code   RO         1347    i.HAL_DMA_Abort     stm32f1xx_hal_dma.o
    0x08001c5e   0x08001c5e   0x00000002   PAD
    0x08001c60   0x08001c60   0x00000098   Code   RO         1348    i.HAL_DMA_Abort_IT  stm32f1xx_hal_dma.o
    0x08001cf8   0x08001cf8   0x00000184   Code   RO         3831    i.HAL_GPIO_EXTI_Callback  control.o
    0x08001e7c   0x08001e7c   0x00000018   Code   RO         1282    i.HAL_GPIO_EXTI_IRQHandler  stm32f1xx_hal_gpio.o
    0x08001e94   0x08001e94   0x000001e0   Code   RO         1283    i.HAL_GPIO_Init     stm32f1xx_hal_gpio.o
    0x08002074   0x08002074   0x0000000a   Code   RO         1287    i.HAL_GPIO_WritePin  stm32f1xx_hal_gpio.o
    0x0800207e   0x0800207e   0x00000002   PAD
    0x08002080   0x08002080   0x0000000c   Code   RO          979    i.HAL_GetTick       stm32f1xx_hal.o
    0x0800208c   0x0800208c   0x00000010   Code   RO          985    i.HAL_IncTick       stm32f1xx_hal.o
    0x0800209c   0x0800209c   0x00000024   Code   RO          986    i.HAL_Init          stm32f1xx_hal.o
    0x080020c0   0x080020c0   0x00000040   Code   RO          987    i.HAL_InitTick      stm32f1xx_hal.o
    0x08002100   0x08002100   0x00000044   Code   RO          632    i.HAL_MspInit       stm32f1xx_hal_msp.o
    0x08002144   0x08002144   0x00000022   Code   RO         1442    i.HAL_NVIC_DisableIRQ  stm32f1xx_hal_cortex.o
    0x08002166   0x08002166   0x0000001a   Code   RO         1443    i.HAL_NVIC_EnableIRQ  stm32f1xx_hal_cortex.o
    0x08002180   0x08002180   0x00000040   Code   RO         1449    i.HAL_NVIC_SetPriority  stm32f1xx_hal_cortex.o
    0x080021c0   0x080021c0   0x00000024   Code   RO         1450    i.HAL_NVIC_SetPriorityGrouping  stm32f1xx_hal_cortex.o
    0x080021e4   0x080021e4   0x000000c8   Code   RO         1245    i.HAL_RCCEx_GetPeriphCLKFreq  stm32f1xx_hal_rcc_ex.o
    0x080022ac   0x080022ac   0x000000ec   Code   RO         1246    i.HAL_RCCEx_PeriphCLKConfig  stm32f1xx_hal_rcc_ex.o
    0x08002398   0x08002398   0x0000012c   Code   RO         1143    i.HAL_RCC_ClockConfig  stm32f1xx_hal_rcc.o
    0x080024c4   0x080024c4   0x00000020   Code   RO         1150    i.HAL_RCC_GetPCLK1Freq  stm32f1xx_hal_rcc.o
    0x080024e4   0x080024e4   0x00000020   Code   RO         1151    i.HAL_RCC_GetPCLK2Freq  stm32f1xx_hal_rcc.o
    0x08002504   0x08002504   0x0000006c   Code   RO         1152    i.HAL_RCC_GetSysClockFreq  stm32f1xx_hal_rcc.o
    0x08002570   0x08002570   0x00000320   Code   RO         1155    i.HAL_RCC_OscConfig  stm32f1xx_hal_rcc.o
    0x08002890   0x08002890   0x00000028   Code   RO         1454    i.HAL_SYSTICK_Config  stm32f1xx_hal_cortex.o
    0x080028b8   0x080028b8   0x00000002   Code   RO         2649    i.HAL_TIMEx_BreakCallback  stm32f1xx_hal_tim_ex.o
    0x080028ba   0x080028ba   0x00000002   Code   RO         2650    i.HAL_TIMEx_CommutCallback  stm32f1xx_hal_tim_ex.o
    0x080028bc   0x080028bc   0x00000054   Code   RO         2652    i.HAL_TIMEx_ConfigBreakDeadTime  stm32f1xx_hal_tim_ex.o
    0x08002910   0x08002910   0x00000068   Code   RO         2668    i.HAL_TIMEx_MasterConfigSynchronization  stm32f1xx_hal_tim_ex.o
    0x08002978   0x08002978   0x0000005a   Code   RO         1945    i.HAL_TIM_Base_Init  stm32f1xx_hal_tim.o
    0x080029d2   0x080029d2   0x00000002   PAD
    0x080029d4   0x080029d4   0x0000007c   Code   RO          366    i.HAL_TIM_Base_MspInit  tim.o
    0x08002a50   0x08002a50   0x00000058   Code   RO         1950    i.HAL_TIM_Base_Start_IT  stm32f1xx_hal_tim.o
    0x08002aa8   0x08002aa8   0x000000d6   Code   RO         1954    i.HAL_TIM_ConfigClockSource  stm32f1xx_hal_tim.o
    0x08002b7e   0x08002b7e   0x000000a4   Code   RO         1966    i.HAL_TIM_Encoder_Init  stm32f1xx_hal_tim.o
    0x08002c22   0x08002c22   0x00000002   PAD
    0x08002c24   0x08002c24   0x0000008c   Code   RO          368    i.HAL_TIM_Encoder_MspInit  tim.o
    0x08002cb0   0x08002cb0   0x0000008e   Code   RO         1969    i.HAL_TIM_Encoder_Start  stm32f1xx_hal_tim.o
    0x08002d3e   0x08002d3e   0x00000002   PAD
    0x08002d40   0x08002d40   0x000000a4   Code   RO          369    i.HAL_TIM_IC_CaptureCallback  tim.o
    0x08002de4   0x08002de4   0x0000010e   Code   RO         1981    i.HAL_TIM_IC_ConfigChannel  stm32f1xx_hal_tim.o
    0x08002ef2   0x08002ef2   0x0000005a   Code   RO         1984    i.HAL_TIM_IC_Init   stm32f1xx_hal_tim.o
    0x08002f4c   0x08002f4c   0x00000002   Code   RO         1986    i.HAL_TIM_IC_MspInit  stm32f1xx_hal_tim.o
    0x08002f4e   0x08002f4e   0x00000002   PAD
    0x08002f50   0x08002f50   0x000000e0   Code   RO         1989    i.HAL_TIM_IC_Start_IT  stm32f1xx_hal_tim.o
    0x08003030   0x08003030   0x00000166   Code   RO         1993    i.HAL_TIM_IRQHandler  stm32f1xx_hal_tim.o
    0x08003196   0x08003196   0x00000002   PAD
    0x08003198   0x08003198   0x0000004c   Code   RO          370    i.HAL_TIM_MspPostInit  tim.o
    0x080031e4   0x080031e4   0x00000002   Code   RO         1996    i.HAL_TIM_OC_DelayElapsedCallback  stm32f1xx_hal_tim.o
    0x080031e6   0x080031e6   0x000000c6   Code   RO         2017    i.HAL_TIM_PWM_ConfigChannel  stm32f1xx_hal_tim.o
    0x080032ac   0x080032ac   0x0000005a   Code   RO         2020    i.HAL_TIM_PWM_Init  stm32f1xx_hal_tim.o
    0x08003306   0x08003306   0x00000002   Code   RO         2022    i.HAL_TIM_PWM_MspInit  stm32f1xx_hal_tim.o
    0x08003308   0x08003308   0x00000002   Code   RO         2023    i.HAL_TIM_PWM_PulseFinishedCallback  stm32f1xx_hal_tim.o
    0x0800330a   0x0800330a   0x00000002   PAD
    0x0800330c   0x0800330c   0x0000009c   Code   RO         2025    i.HAL_TIM_PWM_Start  stm32f1xx_hal_tim.o
    0x080033a8   0x080033a8   0x00000034   Code   RO          371    i.HAL_TIM_PeriodElapsedCallback  tim.o
    0x080033dc   0x080033dc   0x0000002a   Code   RO         2033    i.HAL_TIM_ReadCapturedValue  stm32f1xx_hal_tim.o
    0x08003406   0x08003406   0x00000002   Code   RO         2036    i.HAL_TIM_TriggerCallback  stm32f1xx_hal_tim.o
    0x08003408   0x08003408   0x00000002   Code   RO         2927    i.HAL_UARTEx_RxEventCallback  stm32f1xx_hal_uart.o
    0x0800340a   0x0800340a   0x00000002   Code   RO         2941    i.HAL_UART_ErrorCallback  stm32f1xx_hal_uart.o
    0x0800340c   0x0800340c   0x0000020c   Code   RO         2944    i.HAL_UART_IRQHandler  stm32f1xx_hal_uart.o
    0x08003618   0x08003618   0x00000062   Code   RO         2945    i.HAL_UART_Init     stm32f1xx_hal_uart.o
    0x0800367a   0x0800367a   0x00000002   PAD
    0x0800367c   0x0800367c   0x00000128   Code   RO          463    i.HAL_UART_MspInit  usart.o
    0x080037a4   0x080037a4   0x0000002a   Code   RO         2950    i.HAL_UART_Receive_IT  stm32f1xx_hal_uart.o
    0x080037ce   0x080037ce   0x00000002   PAD
    0x080037d0   0x080037d0   0x0000036c   Code   RO         3612    i.HAL_UART_RxCpltCallback  usart3.o
    0x08003b3c   0x08003b3c   0x00000002   Code   RO         2956    i.HAL_UART_TxCpltCallback  stm32f1xx_hal_uart.o
    0x08003b3e   0x08003b3e   0x00000002   Code   RO          536    i.HardFault_Handler  stm32f1xx_it.o
    0x08003b40   0x08003b40   0x0000003e   Code   RO         3335    i.I2C_ReadOneByte   ioi2c.o
    0x08003b7e   0x08003b7e   0x00000002   PAD
    0x08003b80   0x08003b80   0x00000040   Code   RO         3336    i.IIC_Ack           ioi2c.o
    0x08003bc0   0x08003bc0   0x00000040   Code   RO         3337    i.IIC_NAck          ioi2c.o
    0x08003c00   0x08003c00   0x0000006c   Code   RO         3338    i.IIC_Read_Byte     ioi2c.o
    0x08003c6c   0x08003c6c   0x00000060   Code   RO         3339    i.IIC_Send_Byte     ioi2c.o
    0x08003ccc   0x08003ccc   0x00000050   Code   RO         3340    i.IIC_Start         ioi2c.o
    0x08003d1c   0x08003d1c   0x00000040   Code   RO         3341    i.IIC_Stop          ioi2c.o
    0x08003d5c   0x08003d5c   0x00000058   Code   RO         3342    i.IIC_Wait_Ack      ioi2c.o
    0x08003db4   0x08003db4   0x0000000e   Code   RO         3343    i.IICreadByte       ioi2c.o
    0x08003dc2   0x08003dc2   0x00000032   Code   RO         3345    i.IICwriteBit       ioi2c.o
    0x08003df4   0x08003df4   0x00000054   Code   RO         3346    i.IICwriteBits      ioi2c.o
    0x08003e48   0x08003e48   0x0000000c   Code   RO         3347    i.IICwriteByte      ioi2c.o
    0x08003e54   0x08003e54   0x00000044   Code   RO         3348    i.IICwriteBytes     ioi2c.o
    0x08003e98   0x08003e98   0x00000028   Code   RO         3795    i.JTAG_Set          sys.o
    0x08003ec0   0x08003ec0   0x00000258   Code   RO         4690    i.KF_X              kf.o
    0x08004118   0x08004118   0x00000260   Code   RO         4691    i.KF_Y              kf.o
    0x08004378   0x08004378   0x0000003c   Code   RO         3832    i.Key               control.o
    0x080043b4   0x080043b4   0x000000f4   Code   RO         3833    i.Lidar_Avoid       control.o
    0x080044a8   0x080044a8   0x000000fc   Code   RO         3834    i.Lidar_Follow      control.o
    0x080045a4   0x080045a4   0x000000d4   Code   RO         3835    i.Lidar_Straight    control.o
    0x08004678   0x08004678   0x00000054   Code   RO         3646    i.Lidar_follow_PID  lidar.o
    0x080046cc   0x080046cc   0x0000003c   Code   RO         3448    i.Long_Press        key.o
    0x08004708   0x08004708   0x0000002a   Code   RO         4529    i.MPU6050_initialize  mpu6050.o
    0x08004732   0x08004732   0x00000012   Code   RO         4531    i.MPU6050_setClockSource  mpu6050.o
    0x08004744   0x08004744   0x00000012   Code   RO         4532    i.MPU6050_setFullScaleAccelRange  mpu6050.o
    0x08004756   0x08004756   0x00000012   Code   RO         4533    i.MPU6050_setFullScaleGyroRange  mpu6050.o
    0x08004768   0x08004768   0x0000000c   Code   RO         4534    i.MPU6050_setI2CBypassEnabled  mpu6050.o
    0x08004774   0x08004774   0x0000000c   Code   RO         4535    i.MPU6050_setI2CMasterModeEnabled  mpu6050.o
    0x08004780   0x08004780   0x0000000c   Code   RO         4536    i.MPU6050_setSleepEnabled  mpu6050.o
    0x0800478c   0x0800478c   0x00000054   Code   RO          314    i.MX_ADC1_Init      adc.o
    0x080047e0   0x080047e0   0x00000050   Code   RO          315    i.MX_ADC2_Init      adc.o
    0x08004830   0x08004830   0x00000114   Code   RO          275    i.MX_GPIO_Init      gpio.o
    0x08004944   0x08004944   0x000000e8   Code   RO          372    i.MX_TIM1_Init      tim.o
    0x08004a2c   0x08004a2c   0x000000a0   Code   RO          373    i.MX_TIM2_Init      tim.o
    0x08004acc   0x08004acc   0x00000074   Code   RO          374    i.MX_TIM3_Init      tim.o
    0x08004b40   0x08004b40   0x00000074   Code   RO          375    i.MX_TIM4_Init      tim.o
    0x08004bb4   0x08004bb4   0x00000038   Code   RO          464    i.MX_USART1_UART_Init  usart.o
    0x08004bec   0x08004bec   0x00000044   Code   RO          465    i.MX_USART2_UART_Init  usart.o
    0x08004c30   0x08004c30   0x00000044   Code   RO          466    i.MX_USART3_UART_Init  usart.o
    0x08004c74   0x08004c74   0x00000002   Code   RO          537    i.MemManage_Handler  stm32f1xx_it.o
    0x08004c76   0x08004c76   0x00000002   Code   RO          538    i.NMI_Handler       stm32f1xx_it.o
    0x08004c78   0x08004c78   0x0000002c   Code   RO         3510    i.OLED_Clear        oled.o
    0x08004ca4   0x08004ca4   0x0000003c   Code   RO         3513    i.OLED_DrawPoint    oled.o
    0x08004ce0   0x08004ce0   0x0000002e   Code   RO         3514    i.OLED_DrawPoint_Shu  oled.o
    0x08004d0e   0x08004d0e   0x00000002   PAD
    0x08004d10   0x08004d10   0x000000ec   Code   RO         3515    i.OLED_Init         oled.o
    0x08004dfc   0x08004dfc   0x0000004c   Code   RO         3516    i.OLED_Refresh_Gram  oled.o
    0x08004e48   0x08004e48   0x00000090   Code   RO         3517    i.OLED_ShowChar     oled.o
    0x08004ed8   0x08004ed8   0x00000078   Code   RO         3518    i.OLED_ShowNumber   oled.o
    0x08004f50   0x08004f50   0x0000003e   Code   RO         3519    i.OLED_ShowString   oled.o
    0x08004f8e   0x08004f8e   0x00000002   PAD
    0x08004f90   0x08004f90   0x00000034   Code   RO         3520    i.OLED_Show_CCD     oled.o
    0x08004fc4   0x08004fc4   0x00000048   Code   RO         3521    i.OLED_WR_Byte      oled.o
    0x0800500c   0x0800500c   0x0000000e   Code   RO         3836    i.PWM_Limit         control.o
    0x0800501a   0x0800501a   0x00000002   Code   RO          539    i.PendSV_Handler    stm32f1xx_it.o
    0x0800501c   0x0800501c   0x000000bc   Code   RO         3837    i.Pick_Up           control.o
    0x080050d8   0x080050d8   0x00000084   Code   RO         3838    i.Put_Down          control.o
    0x0800515c   0x0800515c   0x00000080   Code   RO         3699    i.RD_TSL            ele_ccd.o
    0x080051dc   0x080051dc   0x000001b0   Code   RO         4538    i.Read_DMP          mpu6050.o
    0x0800538c   0x0800538c   0x00000048   Code   RO          376    i.Read_Distane      tim.o
    0x080053d4   0x080053d4   0x00000034   Code   RO         3311    i.Read_Encoder      encoder.o
    0x08005408   0x08005408   0x00000060   Code   RO         4539    i.Read_Temperature  mpu6050.o
    0x08005468   0x08005468   0x00000002   Code   RO          540    i.SVC_Handler       stm32f1xx_it.o
    0x0800546a   0x0800546a   0x00000002   PAD
    0x0800546c   0x0800546c   0x00000028   Code   RO         3839    i.Select_Zhongzhi   control.o
    0x08005494   0x08005494   0x00000054   Code   RO         3840    i.Set_Pwm           control.o
    0x080054e8   0x080054e8   0x00000004   Code   RO          541    i.SysTick_Handler   stm32f1xx_it.o
    0x080054ec   0x080054ec   0x00000078   Code   RO           14    i.SystemClock_Config  main.o
    0x08005564   0x08005564   0x00000002   Code   RO         3274    i.SystemInit        system_stm32f1xx.o
    0x08005566   0x08005566   0x00000002   PAD
    0x08005568   0x08005568   0x0000000c   Code   RO          542    i.TIM2_IRQHandler   stm32f1xx_it.o
    0x08005574   0x08005574   0x0000006c   Code   RO         2038    i.TIM_Base_SetConfig  stm32f1xx_hal_tim.o
    0x080055e0   0x080055e0   0x0000001a   Code   RO         2039    i.TIM_CCxChannelCmd  stm32f1xx_hal_tim.o
    0x080055fa   0x080055fa   0x00000014   Code   RO         2049    i.TIM_ETR_SetConfig  stm32f1xx_hal_tim.o
    0x0800560e   0x0800560e   0x00000010   Code   RO         2050    i.TIM_ITRx_SetConfig  stm32f1xx_hal_tim.o
    0x0800561e   0x0800561e   0x00000002   PAD
    0x08005620   0x08005620   0x00000050   Code   RO         2051    i.TIM_OC1_SetConfig  stm32f1xx_hal_tim.o
    0x08005670   0x08005670   0x00000058   Code   RO         2052    i.TIM_OC2_SetConfig  stm32f1xx_hal_tim.o
    0x080056c8   0x080056c8   0x00000058   Code   RO         2053    i.TIM_OC3_SetConfig  stm32f1xx_hal_tim.o
    0x08005720   0x08005720   0x00000044   Code   RO         2054    i.TIM_OC4_SetConfig  stm32f1xx_hal_tim.o
    0x08005764   0x08005764   0x00000022   Code   RO         2056    i.TIM_TI1_ConfigInputStage  stm32f1xx_hal_tim.o
    0x08005786   0x08005786   0x00000002   PAD
    0x08005788   0x08005788   0x00000058   Code   RO         2057    i.TIM_TI1_SetConfig  stm32f1xx_hal_tim.o
    0x080057e0   0x080057e0   0x00000024   Code   RO         2058    i.TIM_TI2_ConfigInputStage  stm32f1xx_hal_tim.o
    0x08005804   0x08005804   0x00000036   Code   RO         2059    i.TIM_TI2_SetConfig  stm32f1xx_hal_tim.o
    0x0800583a   0x0800583a   0x00000002   PAD
    0x0800583c   0x0800583c   0x000000b8   Code   RO         3841    i.Turn              control.o
    0x080058f4   0x080058f4   0x00000048   Code   RO         3842    i.Turn_Off          control.o
    0x0800593c   0x0800593c   0x00000010   Code   RO         2958    i.UART_DMAAbortOnError  stm32f1xx_hal_uart.o
    0x0800594c   0x0800594c   0x00000030   Code   RO         2968    i.UART_EndRxTransfer  stm32f1xx_hal_uart.o
    0x0800597c   0x0800597c   0x000000b6   Code   RO         2970    i.UART_Receive_IT   stm32f1xx_hal_uart.o
    0x08005a32   0x08005a32   0x00000002   PAD
    0x08005a34   0x08005a34   0x000000b8   Code   RO         2971    i.UART_SetConfig    stm32f1xx_hal_uart.o
    0x08005aec   0x08005aec   0x00000036   Code   RO         2973    i.UART_Start_Receive_IT  stm32f1xx_hal_uart.o
    0x08005b22   0x08005b22   0x00000002   PAD
    0x08005b24   0x08005b24   0x0000000c   Code   RO          543    i.USART2_IRQHandler  stm32f1xx_it.o
    0x08005b30   0x08005b30   0x0000000c   Code   RO          544    i.USART3_IRQHandler  stm32f1xx_it.o
    0x08005b3c   0x08005b3c   0x00000002   Code   RO          545    i.UsageFault_Handler  stm32f1xx_it.o
    0x08005b3e   0x08005b3e   0x00000002   PAD
    0x08005b40   0x08005b40   0x000001e0   Code   RO         3843    i.Velocity          control.o
    0x08005d20   0x08005d20   0x00000028   Code   RO         4919    i.__ARM_fpclassify  m_ws.l(fpclassify.o)
    0x08005d48   0x08005d48   0x00000020   Code   RO         1456    i.__NVIC_SetPriority  stm32f1xx_hal_cortex.o
    0x08005d68   0x08005d68   0x000000aa   Code   RO         4921    i.__kernel_poly     m_ws.l(poly.o)
    0x08005e12   0x08005e12   0x00000002   PAD
    0x08005e14   0x08005e14   0x00000010   Code   RO         4905    i.__mathlib_dbl_divzero  m_ws.l(dunder.o)
    0x08005e24   0x08005e24   0x00000006   Code   RO         4906    i.__mathlib_dbl_infnan  m_ws.l(dunder.o)
    0x08005e2a   0x08005e2a   0x00000004   Code   RO         4907    i.__mathlib_dbl_infnan2  m_ws.l(dunder.o)
    0x08005e2e   0x08005e2e   0x0000000c   Code   RO         4908    i.__mathlib_dbl_invalid  m_ws.l(dunder.o)
    0x08005e3a   0x08005e3a   0x0000000e   Code   RO         4909    i.__mathlib_dbl_overflow  m_ws.l(dunder.o)
    0x08005e48   0x08005e48   0x00000010   Code   RO         4911    i.__mathlib_dbl_underflow  m_ws.l(dunder.o)
    0x08005e58   0x08005e58   0x00000002   Code   RO          467    i._sys_exit         usart.o
    0x08005e5a   0x08005e5a   0x00000002   PAD
    0x08005e5c   0x08005e5c   0x00000080   Code   RO         4047    i.accel_self_test   inv_mpu.o
    0x08005edc   0x08005edc   0x00000270   Code   RO         4837    i.asin              m_ws.l(asin.o)
    0x0800614c   0x0800614c   0x00000220   Code   RO         4896    i.atan              m_ws.l(atan.o)
    0x0800636c   0x0800636c   0x0000019c   Code   RO         4847    i.atan2             m_ws.l(atan2.o)
    0x08006508   0x08006508   0x0000008c   Code   RO         3450    i.click_N_Double    key.o
    0x08006594   0x08006594   0x00000208   Code   RO         3647    i.data_process      lidar.o
    0x0800679c   0x0800679c   0x00000020   Code   RO         3756    i.delay_init        delay.o
    0x080067bc   0x080067bc   0x00000034   Code   RO         3757    i.delay_ms          delay.o
    0x080067f0   0x080067f0   0x00000034   Code   RO         3758    i.delay_us          delay.o
    0x08006824   0x08006824   0x0000003a   Code   RO         4348    i.dmp_enable_6x_lp_quat  inv_mpu_dmp_motion_driver.o
    0x0800685e   0x0800685e   0x00000002   PAD
    0x08006860   0x08006860   0x000001d8   Code   RO         4349    i.dmp_enable_feature  inv_mpu_dmp_motion_driver.o
    0x08006a38   0x08006a38   0x0000003c   Code   RO         4350    i.dmp_enable_gyro_cal  inv_mpu_dmp_motion_driver.o
    0x08006a74   0x08006a74   0x0000003a   Code   RO         4351    i.dmp_enable_lp_quat  inv_mpu_dmp_motion_driver.o
    0x08006aae   0x08006aae   0x00000002   PAD
    0x08006ab0   0x08006ab0   0x00000014   Code   RO         4356    i.dmp_load_motion_driver_firmware  inv_mpu_dmp_motion_driver.o
    0x08006ac4   0x08006ac4   0x00000164   Code   RO         4357    i.dmp_read_fifo     inv_mpu_dmp_motion_driver.o
    0x08006c28   0x08006c28   0x000000d8   Code   RO         4360    i.dmp_set_accel_bias  inv_mpu_dmp_motion_driver.o
    0x08006d00   0x08006d00   0x00000064   Code   RO         4361    i.dmp_set_fifo_rate  inv_mpu_dmp_motion_driver.o
    0x08006d64   0x08006d64   0x000000cc   Code   RO         4362    i.dmp_set_gyro_bias  inv_mpu_dmp_motion_driver.o
    0x08006e30   0x08006e30   0x0000010c   Code   RO         4364    i.dmp_set_orientation  inv_mpu_dmp_motion_driver.o
    0x08006f3c   0x08006f3c   0x00000030   Code   RO         4367    i.dmp_set_shake_reject_thresh  inv_mpu_dmp_motion_driver.o
    0x08006f6c   0x08006f6c   0x00000020   Code   RO         4368    i.dmp_set_shake_reject_time  inv_mpu_dmp_motion_driver.o
    0x08006f8c   0x08006f8c   0x00000020   Code   RO         4369    i.dmp_set_shake_reject_timeout  inv_mpu_dmp_motion_driver.o
    0x08006fac   0x08006fac   0x00000040   Code   RO         4370    i.dmp_set_tap_axes  inv_mpu_dmp_motion_driver.o
    0x08006fec   0x08006fec   0x00000022   Code   RO         4371    i.dmp_set_tap_count  inv_mpu_dmp_motion_driver.o
    0x0800700e   0x0800700e   0x00000002   PAD
    0x08007010   0x08007010   0x00000128   Code   RO         4372    i.dmp_set_tap_thresh  inv_mpu_dmp_motion_driver.o
    0x08007138   0x08007138   0x00000020   Code   RO         4373    i.dmp_set_tap_time  inv_mpu_dmp_motion_driver.o
    0x08007158   0x08007158   0x00000020   Code   RO         4374    i.dmp_set_tap_time_multi  inv_mpu_dmp_motion_driver.o
    0x08007178   0x08007178   0x00000034   Code   RO          468    i.fputc             usart.o
    0x080071ac   0x080071ac   0x000000ac   Code   RO         4048    i.get_accel_prod_shift  inv_mpu.o
    0x08007258   0x08007258   0x00000314   Code   RO         4049    i.get_st_biases     inv_mpu.o
    0x0800756c   0x0800756c   0x000000d4   Code   RO         4050    i.gyro_self_test    inv_mpu.o
    0x08007640   0x08007640   0x00000070   Code   RO         3349    i.i2cRead           ioi2c.o
    0x080076b0   0x080076b0   0x00000054   Code   RO         3350    i.i2cWrite          ioi2c.o
    0x08007704   0x08007704   0x00000048   Code   RO         4540    i.inv_row_2_scale   mpu6050.o
    0x0800774c   0x0800774c   0x000000b0   Code   RO           15    i.main              main.o
    0x080077fc   0x080077fc   0x00000054   Code   RO         4051    i.mpu_configure_fifo  inv_mpu.o
    0x08007850   0x08007850   0x0000003c   Code   RO         4052    i.mpu_get_accel_fsr  inv_mpu.o
    0x0800788c   0x0800788c   0x00000044   Code   RO         4054    i.mpu_get_accel_sens  inv_mpu.o
    0x080078d0   0x080078d0   0x00000034   Code   RO         4060    i.mpu_get_gyro_fsr  inv_mpu.o
    0x08007904   0x08007904   0x00000040   Code   RO         4062    i.mpu_get_gyro_sens  inv_mpu.o
    0x08007944   0x08007944   0x00000038   Code   RO         4064    i.mpu_get_lpf       inv_mpu.o
    0x0800797c   0x0800797c   0x0000001c   Code   RO         4066    i.mpu_get_sample_rate  inv_mpu.o
    0x08007998   0x08007998   0x00000188   Code   RO         4068    i.mpu_init          inv_mpu.o
    0x08007b20   0x08007b20   0x000000a0   Code   RO         4069    i.mpu_load_firmware  inv_mpu.o
    0x08007bc0   0x08007bc0   0x000000b8   Code   RO         4070    i.mpu_lp_accel_mode  inv_mpu.o
    0x08007c78   0x08007c78   0x00000090   Code   RO         4073    i.mpu_read_fifo_stream  inv_mpu.o
    0x08007d08   0x08007d08   0x00000054   Code   RO         4074    i.mpu_read_mem      inv_mpu.o
    0x08007d5c   0x08007d5c   0x00000150   Code   RO         4077    i.mpu_reset_fifo    inv_mpu.o
    0x08007eac   0x08007eac   0x000000f0   Code   RO         4078    i.mpu_run_self_test  inv_mpu.o
    0x08007f9c   0x08007f9c   0x00000068   Code   RO         4080    i.mpu_set_accel_fsr  inv_mpu.o
    0x08008004   0x08008004   0x000000dc   Code   RO         4081    i.mpu_set_bypass    inv_mpu.o
    0x080080e0   0x080080e0   0x00000078   Code   RO         4083    i.mpu_set_dmp_state  inv_mpu.o
    0x08008158   0x08008158   0x0000006c   Code   RO         4084    i.mpu_set_gyro_fsr  inv_mpu.o
    0x080081c4   0x080081c4   0x00000064   Code   RO         4085    i.mpu_set_int_latched  inv_mpu.o
    0x08008228   0x08008228   0x0000006c   Code   RO         4087    i.mpu_set_lpf       inv_mpu.o
    0x08008294   0x08008294   0x00000080   Code   RO         4088    i.mpu_set_sample_rate  inv_mpu.o
    0x08008314   0x08008314   0x000000b8   Code   RO         4089    i.mpu_set_sensors   inv_mpu.o
    0x080083cc   0x080083cc   0x00000054   Code   RO         4090    i.mpu_write_mem     inv_mpu.o
    0x08008420   0x08008420   0x00000094   Code   RO         4692    i.mul               kf.o
    0x080084b4   0x080084b4   0x00000008   Code   RO         3844    i.myabs             control.o
    0x080084bc   0x080084bc   0x00000002   Code   RO         4091    i.myget_ms          inv_mpu.o
    0x080084be   0x080084be   0x00000010   Code   RO         3522    i.oled_pow          oled.o
    0x080084ce   0x080084ce   0x00000002   PAD
    0x080084d0   0x080084d0   0x00000428   Code   RO         4644    i.oled_show         show.o
    0x080088f8   0x080088f8   0x0000017c   Code   RO         4645    i.oled_show_once    show.o
    0x08008a74   0x08008a74   0x000009d8   Code   RO         4855    i.pow               m_ws.l(pow.o)
    0x0800944c   0x0800944c   0x0000007a   Code   RO         4541    i.run_self_test     mpu6050.o
    0x080094c6   0x080094c6   0x00000002   PAD
    0x080094c8   0x080094c8   0x00000058   Code   RO         4092    i.set_int_enable    inv_mpu.o
    0x08009520   0x08009520   0x0000004c   Code   RO         4925    i.sqrt              m_ws.l(sqrt.o)
    0x0800956c   0x0800956c   0x00000062   Code   RO         4776    x$fpl$d2f           fz_ws.l(d2f.o)
    0x080095ce   0x080095ce   0x00000002   PAD
    0x080095d0   0x080095d0   0x00000150   Code   RO         4778    x$fpl$dadd          fz_ws.l(daddsub_clz.o)
    0x08009720   0x08009720   0x00000010   Code   RO         4876    x$fpl$dcheck1       fz_ws.l(dcheck1.o)
    0x08009730   0x08009730   0x00000018   Code   RO         4962    x$fpl$dcmpinf       fz_ws.l(dcmpi.o)
    0x08009748   0x08009748   0x000002b0   Code   RO         4785    x$fpl$ddiv          fz_ws.l(ddiv.o)
    0x080099f8   0x080099f8   0x00000078   Code   RO         4878    x$fpl$deqf          fz_ws.l(deqf.o)
    0x08009a70   0x08009a70   0x0000005e   Code   RO         4788    x$fpl$dfix          fz_ws.l(dfix.o)
    0x08009ace   0x08009ace   0x0000002e   Code   RO         4793    x$fpl$dflt          fz_ws.l(dflt_clz.o)
    0x08009afc   0x08009afc   0x00000026   Code   RO         4792    x$fpl$dfltu         fz_ws.l(dflt_clz.o)
    0x08009b22   0x08009b22   0x00000002   PAD
    0x08009b24   0x08009b24   0x00000078   Code   RO         4964    x$fpl$dleqf         fz_ws.l(dleqf.o)
    0x08009b9c   0x08009b9c   0x00000154   Code   RO         4798    x$fpl$dmul          fz_ws.l(dmul.o)
    0x08009cf0   0x08009cf0   0x0000009c   Code   RO         4880    x$fpl$dnaninf       fz_ws.l(dnaninf.o)
    0x08009d8c   0x08009d8c   0x0000000c   Code   RO         4882    x$fpl$dretinf       fz_ws.l(dretinf.o)
    0x08009d98   0x08009d98   0x0000006c   Code   RO         4884    x$fpl$drleqf        fz_ws.l(drleqf.o)
    0x08009e04   0x08009e04   0x00000016   Code   RO         4779    x$fpl$drsb          fz_ws.l(daddsub_clz.o)
    0x08009e1a   0x08009e1a   0x00000002   PAD
    0x08009e1c   0x08009e1c   0x000001cc   Code   RO         4966    x$fpl$dsqrt         fz_ws.l(dsqrt_noumaal.o)
    0x08009fe8   0x08009fe8   0x000001d4   Code   RO         4780    x$fpl$dsub          fz_ws.l(daddsub_clz.o)
    0x0800a1bc   0x0800a1bc   0x00000056   Code   RO         4800    x$fpl$f2d           fz_ws.l(f2d.o)
    0x0800a212   0x0800a212   0x00000002   PAD
    0x0800a214   0x0800a214   0x000000c4   Code   RO         4802    x$fpl$fadd          fz_ws.l(faddsub_clz.o)
    0x0800a2d8   0x0800a2d8   0x0000000c   Code   RO         4886    x$fpl$fcheck1       fz_ws.l(fcheck1.o)
    0x0800a2e4   0x0800a2e4   0x00000018   Code   RO         4888    x$fpl$fcmpinf       fz_ws.l(fcmpi.o)
    0x0800a2fc   0x0800a2fc   0x00000184   Code   RO         4809    x$fpl$fdiv          fz_ws.l(fdiv.o)
    0x0800a480   0x0800a480   0x00000036   Code   RO         4812    x$fpl$ffix          fz_ws.l(ffix.o)
    0x0800a4b6   0x0800a4b6   0x00000002   PAD
    0x0800a4b8   0x0800a4b8   0x0000003e   Code   RO         4816    x$fpl$ffixu         fz_ws.l(ffixu.o)
    0x0800a4f6   0x0800a4f6   0x00000002   PAD
    0x0800a4f8   0x0800a4f8   0x00000030   Code   RO         4821    x$fpl$fflt          fz_ws.l(fflt_clz.o)
    0x0800a528   0x0800a528   0x00000026   Code   RO         4820    x$fpl$ffltu         fz_ws.l(fflt_clz.o)
    0x0800a54e   0x0800a54e   0x00000002   PAD
    0x0800a550   0x0800a550   0x00000068   Code   RO         4826    x$fpl$fleqf         fz_ws.l(fleqf.o)
    0x0800a5b8   0x0800a5b8   0x00000102   Code   RO         4828    x$fpl$fmul          fz_ws.l(fmul.o)
    0x0800a6ba   0x0800a6ba   0x0000008c   Code   RO         4890    x$fpl$fnaninf       fz_ws.l(fnaninf.o)
    0x0800a746   0x0800a746   0x0000000a   Code   RO         4892    x$fpl$fretinf       fz_ws.l(fretinf.o)
    0x0800a750   0x0800a750   0x00000062   Code   RO         4830    x$fpl$frleqf        fz_ws.l(frleqf.o)
    0x0800a7b2   0x0800a7b2   0x00000014   Code   RO         4803    x$fpl$frsb          fz_ws.l(faddsub_clz.o)
    0x0800a7c6   0x0800a7c6   0x00000002   PAD
    0x0800a7c8   0x0800a7c8   0x000000ea   Code   RO         4804    x$fpl$fsub          fz_ws.l(faddsub_clz.o)
    0x0800a8b2   0x0800a8b2   0x00000064   Code   RO         4968    x$fpl$retnan        fz_ws.l(retnan.o)
    0x0800a916   0x0800a916   0x0000005c   Code   RO         4832    x$fpl$scalbn        fz_ws.l(scalbn.o)
    0x0800a972   0x0800a972   0x0000004c   Code   RO         4834    x$fpl$scalbnf       fz_ws.l(scalbnf.o)
    0x0800a9be   0x0800a9be   0x00000030   Code   RO         4987    x$fpl$trapveneer    fz_ws.l(trapv.o)
    0x0800a9ee   0x0800a9ee   0x00000000   Code   RO         4894    x$fpl$usenofp       fz_ws.l(usenofp.o)
    0x0800a9ee   0x0800a9ee   0x00000010   Data   RO         3275    .constdata          system_stm32f1xx.o
    0x0800a9fe   0x0800a9fe   0x00000008   Data   RO         3276    .constdata          system_stm32f1xx.o
    0x0800aa06   0x0800aa06   0x00000a64   Data   RO         3524    .constdata          oled.o
    0x0800b46a   0x0800b46a   0x0000000c   Data   RO         4093    .constdata          inv_mpu.o
    0x0800b476   0x0800b476   0x0000001b   Data   RO         4094    .constdata          inv_mpu.o
    0x0800b491   0x0800b491   0x00000003   PAD
    0x0800b494   0x0800b494   0x00000028   Data   RO         4095    .constdata          inv_mpu.o
    0x0800b4bc   0x0800b4bc   0x00000bf6   Data   RO         4376    .constdata          inv_mpu_dmp_motion_driver.o
    0x0800c0b2   0x0800c0b2   0x00000002   PAD
    0x0800c0b4   0x0800c0b4   0x000000b8   Data   RO         4694    .constdata          kf.o
    0x0800c16c   0x0800c16c   0x00000004   PAD
    0x0800c170   0x0800c170   0x00000050   Data   RO         4838    .constdata          m_ws.l(asin.o)
    0x0800c1c0   0x0800c1c0   0x00000088   Data   RO         4856    .constdata          m_ws.l(pow.o)
    0x0800c248   0x0800c248   0x00000098   Data   RO         4897    .constdata          m_ws.l(atan.o)
    0x0800c2e0   0x0800c2e0   0x00000008   Data   RO         4923    .constdata          m_ws.l(qnan.o)
    0x0800c2e8   0x0800c2e8   0x0000004e   Data   RO         4096    .conststring        inv_mpu.o
    0x0800c336   0x0800c336   0x00000002   PAD
    0x0800c338   0x0800c338   0x00000020   Data   RO         5115    Region$$Table       anon$$obj.o


    Execution Region RW_IRAM1 (Exec base: 0x20000000, Load base: 0x0800c358, Size: 0x00001f10, Max: 0x00005000, ABSOLUTE, COMPRESSED[0x00000054])

    Exec Addr    Load Addr    Size         Type   Attr      Idx    E Section Name        Object

    0x20000000   COMPRESSED   0x00000001   Data   RW           17    .data               main.o
    0x20000001   COMPRESSED   0x00000001   Data   RW           18    .data               main.o
    0x20000002   COMPRESSED   0x00000001   Data   RW           19    .data               main.o
    0x20000003   COMPRESSED   0x00000004   Data   RW           20    .data               main.o
    0x20000007   COMPRESSED   0x00000001   Data   RW           21    .data               main.o
    0x20000008   COMPRESSED   0x00000001   Data   RW           22    .data               main.o
    0x20000009   COMPRESSED   0x00000003   PAD
    0x2000000c   COMPRESSED   0x00000004   Data   RW           23    .data               main.o
    0x20000010   COMPRESSED   0x00000004   Data   RW           24    .data               main.o
    0x20000014   COMPRESSED   0x00000004   Data   RW           25    .data               main.o
    0x20000018   COMPRESSED   0x00000004   Data   RW           26    .data               main.o
    0x2000001c   COMPRESSED   0x00000004   Data   RW           27    .data               main.o
    0x20000020   COMPRESSED   0x00000004   Data   RW           28    .data               main.o
    0x20000024   COMPRESSED   0x00000001   Data   RW           29    .data               main.o
    0x20000025   COMPRESSED   0x00000001   Data   RW           30    .data               main.o
    0x20000026   COMPRESSED   0x00000001   Data   RW           31    .data               main.o
    0x20000027   COMPRESSED   0x00000001   Data   RW           32    .data               main.o
    0x20000028   COMPRESSED   0x00000004   Data   RW           33    .data               main.o
    0x2000002c   COMPRESSED   0x00000004   Data   RW           34    .data               main.o
    0x20000030   COMPRESSED   0x00000004   Data   RW           35    .data               main.o
    0x20000034   COMPRESSED   0x00000004   Data   RW           36    .data               main.o
    0x20000038   COMPRESSED   0x00000004   Data   RW           37    .data               main.o
    0x2000003c   COMPRESSED   0x00000004   Data   RW           38    .data               main.o
    0x20000040   COMPRESSED   0x00000004   Data   RW           39    .data               main.o
    0x20000044   COMPRESSED   0x00000004   Data   RW           40    .data               main.o
    0x20000048   COMPRESSED   0x00000001   Data   RW           41    .data               main.o
    0x20000049   COMPRESSED   0x00000001   Data   RW           42    .data               main.o
    0x2000004a   COMPRESSED   0x00000001   Data   RW           43    .data               main.o
    0x2000004b   COMPRESSED   0x00000001   PAD
    0x2000004c   COMPRESSED   0x00000002   Data   RW           44    .data               main.o
    0x2000004e   COMPRESSED   0x00000002   PAD
    0x20000050   COMPRESSED   0x00000004   Data   RW           45    .data               main.o
    0x20000054   COMPRESSED   0x00000004   Data   RW           46    .data               main.o
    0x20000058   COMPRESSED   0x00000004   Data   RW           47    .data               main.o
    0x2000005c   COMPRESSED   0x00000001   Data   RW           48    .data               main.o
    0x2000005d   COMPRESSED   0x00000003   PAD
    0x20000060   COMPRESSED   0x00000004   Data   RW           49    .data               main.o
    0x20000064   COMPRESSED   0x00000004   Data   RW          378    .data               tim.o
    0x20000068   COMPRESSED   0x00000004   Data   RW          470    .data               usart.o
    0x2000006c   COMPRESSED   0x0000000c   Data   RW          993    .data               stm32f1xx_hal.o
    0x20000078   COMPRESSED   0x00000004   Data   RW         3277    .data               system_stm32f1xx.o
    0x2000007c   COMPRESSED   0x0000000c   Data   RW         3451    .data               key.o
    0x20000088   COMPRESSED   0x00000014   Data   RW         3614    .data               usart3.o
    0x2000009c   COMPRESSED   0x00000038   Data   RW         3649    .data               lidar.o
    0x200000d4   COMPRESSED   0x00000004   Data   RW         3759    .data               delay.o
    0x200000d8   COMPRESSED   0x0000006c   Data   RW         3845    .data               control.o
    0x20000144   COMPRESSED   0x00000084   Data   RW         4015    .data               filter.o
    0x200001c8   COMPRESSED   0x0000002c   Data   RW         4097    .data               inv_mpu.o
    0x200001f4   COMPRESSED   0x00000035   Data   RW         4543    .data               mpu6050.o
    0x20000229   COMPRESSED   0x00000003   PAD
    0x2000022c   COMPRESSED   0x0000000c   Data   RW         4646    .data               show.o
    0x20000238   COMPRESSED   0x00000050   Data   RW         4695    .data               kf.o
    0x20000288        -       0x00000100   Zero   RW           16    .bss                main.o
    0x20000388        -       0x00000060   Zero   RW          316    .bss                adc.o
    0x200003e8        -       0x00000120   Zero   RW          377    .bss                tim.o
    0x20000508        -       0x000000cc   Zero   RW          469    .bss                usart.o
    0x200005d4        -       0x00000400   Zero   RW         3523    .bss                oled.o
    0x200009d4        -       0x00000032   Zero   RW         3613    .bss                usart3.o
    0x20000a06   COMPRESSED   0x00000002   PAD
    0x20000a08        -       0x00000e4c   Zero   RW         3648    .bss                lidar.o
    0x20001854        -       0x0000002a   Zero   RW         3983    .bss                datascope_dp.o
    0x2000187e   COMPRESSED   0x00000002   PAD
    0x20001880        -       0x00000010   Zero   RW         4375    .bss                inv_mpu_dmp_motion_driver.o
    0x20001890        -       0x00000020   Zero   RW         4693    .bss                kf.o
    0x200018b0        -       0x00000060   Zero   RW         4971    .bss                c_w.l(libspace.o)
    0x20001910        -       0x00000200   Zero   RW            2    HEAP                startup_stm32f103xb.o
    0x20001b10        -       0x00000400   Zero   RW            1    STACK               startup_stm32f103xb.o


==============================================================================

Image component sizes


      Code (inc. data)   RO Data    RW Data    ZI Data      Debug   Object Name

       416         58          0          0         96       2893   adc.o
      4070        650          0        108          0      17540   control.o
       232         34          0          0         42       2762   datascope_dp.o
       136         18          0          4          0       1651   delay.o
       390         40          0          0          0       3496   ele_ccd.o
        52          8          0          0          0        635   encoder.o
       136         24          0        132          0       3311   filter.o
       276         18          0          0          0       4770   gpio.o
      4498        280        157         44          0      26170   inv_mpu.o
      2382        118       3062          0         16      19370   inv_mpu_dmp_motion_driver.o
      1050         60          0          0          0       9754   ioi2c.o
       200         16          0         12          0       1854   key.o
      1356         52        184         80         32       3932   kf.o
       812        100          0         56       3660       4677   lidar.o
       300          6          0         91        256     452793   main.o
      1414        362          0         53          0      33749   mpu6050.o
       928         48       2660          0       1024       8093   oled.o
      1964        572          0         12          0       3295   show.o
        64         26        236          0       1536        812   startup_stm32f103xb.o
       128         24          0         12          0       5341   stm32f1xx_hal.o
      1264         54          0          0          0       7143   stm32f1xx_hal_adc.o
       216          6          0          0          0       1442   stm32f1xx_hal_adc_ex.o
       232         14          0          0          0      29661   stm32f1xx_hal_cortex.o
       222          4          0          0          0       1791   stm32f1xx_hal_dma.o
       514         40          0          0          0       3511   stm32f1xx_hal_gpio.o
        68         10          0          0          0        882   stm32f1xx_hal_msp.o
      1272        100          0          0          0       5236   stm32f1xx_hal_rcc.o
       436         46          0          0          0       2549   stm32f1xx_hal_rcc_ex.o
      2842         82          0          0          0      22976   stm32f1xx_hal_tim.o
       192         12          0          0          0       3197   stm32f1xx_hal_tim_ex.o
      1154         10          0          0          0       8540   stm32f1xx_hal_uart.o
       120         34          0          0          0       5743   stm32f1xx_it.o
        40         10          0          0          0        463   sys.o
         2          0         24          4          0       1139   system_stm32f1xx.o
      1252        108          0          4        288       7029   tim.o
       542         76          0          4        204       5296   usart.o
       876        144          0         20         50       2348   usart3.o

    ----------------------------------------------------------------------
     32112       3264       6366        648       7208     715844   Object Totals
         0          0         32          0          0          0   (incl. Generated)
        64          0         11         12          4          0   (incl. Padding)

    ----------------------------------------------------------------------

      Code (inc. data)   RO Data    RW Data    ZI Data      Debug   Library Member Name

        90          0          0          0          0          0   __dczerorl2.o
         8          0          0          0          0         68   __main.o
       104          0          0          0          0         84   __printf.o
         0          0          0          0          0          0   __rtentry.o
        12          0          0          0          0          0   __rtentry2.o
         6          0          0          0          0          0   __rtentry4.o
        52          8          0          0          0          0   __scatter.o
        28          0          0          0          0          0   __scatter_zi.o
        48          6          0          0          0         96   _printf_char_common.o
        36          4          0          0          0         80   _printf_char_file.o
         6          0          0          0          0          0   _printf_d.o
       120         16          0          0          0         92   _printf_dec.o
       178          0          0          0          0         88   _printf_intcommon.o
         0          0          0          0          0          0   _printf_percent.o
         4          0          0          0          0          0   _printf_percent_end.o
        22          0          0          0          0        100   _rserrno.o
        16          0          0          0          0         68   aeabi_memset.o
        18          0          0          0          0         80   exit.o
         8          0          0          0          0         68   ferror.o
         6          0          0          0          0        152   heapauxi.o
         2          0          0          0          0          0   libinit.o
         2          0          0          0          0          0   libinit2.o
         2          0          0          0          0          0   libshutdown.o
         2          0          0          0          0          0   libshutdown2.o
         8          4          0          0         96         68   libspace.o
        72          0          0          0          0         76   llsdiv.o
       238          0          0          0          0        100   lludivv7m.o
        88          0          0          0          0         76   memcmp.o
        24          4          0          0          0         84   noretval__2printf.o
         8          4          0          0          0         68   rt_errno_addr_intlibspace.o
        68          0          0          0          0         68   rt_memclr.o
        78          0          0          0          0         80   rt_memclr_w.o
         2          0          0          0          0          0   rtexit.o
        10          0          0          0          0          0   rtexit2.o
        74          0          0          0          0         80   sys_stackheap_outer.o
         2          0          0          0          0         68   use_no_semi.o
         2          0          0          0          0         68   use_no_semi_2.o
        98          4          0          0          0         92   d2f.o
       826         16          0          0          0        348   daddsub_clz.o
        16          4          0          0          0         68   dcheck1.o
        24          0          0          0          0         68   dcmpi.o
       688        140          0          0          0        208   ddiv.o
       120          4          0          0          0         92   deqf.o
        94          4          0          0          0         92   dfix.o
        84          0          0          0          0        136   dflt_clz.o
       120          4          0          0          0         92   dleqf.o
       340         12          0          0          0        104   dmul.o
       156          4          0          0          0         92   dnaninf.o
        12          0          0          0          0         68   dretinf.o
       108          0          0          0          0         80   drleqf.o
       460         56          0          0          0        120   dsqrt_noumaal.o
        86          4          0          0          0         84   f2d.o
       450          8          0          0          0        236   faddsub_clz.o
        12          4          0          0          0         68   fcheck1.o
        24          0          0          0          0         68   fcmpi.o
       388         76          0          0          0         96   fdiv.o
        54          4          0          0          0         84   ffix.o
        62          4          0          0          0         84   ffixu.o
        86          0          0          0          0        136   fflt_clz.o
       104          4          0          0          0         84   fleqf.o
       258          4          0          0          0         84   fmul.o
       140          4          0          0          0         84   fnaninf.o
        10          0          0          0          0         68   fretinf.o
        98          0          0          0          0         68   frleqf.o
       100          0          0          0          0         68   retnan.o
        92          0          0          0          0         68   scalbn.o
        76          0          0          0          0         68   scalbnf.o
        48          0          0          0          0         68   trapv.o
         0          0          0          0          0          0   usenofp.o
       624         52         80          0          0        168   asin.o
       544         70        152          0          0        124   atan.o
       412         38          0          0          0        144   atan2.o
        68         10          0          0          0        408   dunder.o
        40          0          0          0          0         68   fpclassify.o
       170          0          0          0          0         96   poly.o
      2520        190        136          0          0        324   pow.o
         0          0          8          0          0          0   qnan.o
        76          0          0          0          0         84   sqrt.o

    ----------------------------------------------------------------------
     11154        766        376          0         96       6404   Library Totals
        22          0          0          0          0          0   (incl. Padding)

    ----------------------------------------------------------------------

      Code (inc. data)   RO Data    RW Data    ZI Data      Debug   Library Name

      1444         46          0          0         96       1812   c_w.l
      5234        360          0          0          0       3176   fz_ws.l
      4454        360        376          0          0       1416   m_ws.l

    ----------------------------------------------------------------------
     11154        766        376          0         96       6404   Library Totals

    ----------------------------------------------------------------------

==============================================================================


      Code (inc. data)   RO Data    RW Data    ZI Data      Debug   

     43266       4030       6742        648       7304     705812   Grand Totals
     43266       4030       6742         84       7304     705812   ELF Image Totals (compressed)
     43266       4030       6742         84          0          0   ROM Totals

==============================================================================

    Total RO  Size (Code + RO Data)                50008 (  48.84kB)
    Total RW  Size (RW Data + ZI Data)              7952 (   7.77kB)
    Total ROM Size (Code + RO Data + RW Data)      50092 (  48.92kB)

==============================================================================

