<html>
<body>
<pre>
<h1>µVision Build Log</h1>
<h2>Tool Versions:</h2>
IDE-Version: ¶ÃVision V5.43.1.0
Copyright (C) 2025 ARM Ltd and ARM Germany GmbH. All rights reserved.
License Information: 312 2681109, HP Inc., LIC=IK1BF-6XC5I-VE1HA-1DVFU-1MV30-DE9N7
 
Tool Versions:
Toolchain:       MDK-ARM Plus  Version: 5.43.0.0
Toolchain Path:  D:\9060\keil_5\ARM\ARMCC\Bin
C Compiler:      Armcc.exe V5.06 update 7 (build 960)
Assembler:       Armasm.exe V5.06 update 7 (build 960)
Linker/Locator:  ArmLink.exe V5.06 update 7 (build 960)
Library Manager: ArmAr.exe V5.06 update 7 (build 960)
Hex Converter:   FromElf.exe V5.06 update 7 (build 960)
CPU DLL:         SARMCM3.DLL V5.43.0.0
Dialog DLL:      DCM.DLL V1.17.5.0
Target DLL:      STLink\ST-LINKIII-KEIL_SWO.dll V3.3.1.0
Dialog DLL:      TCM.DLL V1.56.6.0
 
<h2>Project:</h2>
C:\Users\26811\Desktop\workbudddy_«∂»Î Ω\hal‘¥¬Î\7(1)\MDK-ARM\Minibalance.uvprojx
Project File Date:  06/13/2026

<h2>Output:</h2>
*** Using Compiler 'V5.06 update 7 (build 960)', folder: 'D:\9060\keil_5\ARM\ARMCC\Bin'
Rebuild target 'Minibalance'
assembling startup_stm32f103xb.s...
compiling stm32f1xx_hal_adc_ex.c...
compiling stm32f1xx_hal_adc.c...
compiling stm32f1xx_hal_gpio_ex.c...
compiling stm32f1xx_hal_exti.c...
compiling stm32f1xx_hal.c...
compiling stm32f1xx_hal_cortex.c...
compiling stm32f1xx_hal_pwr.c...
compiling stm32f1xx_hal_flash_ex.c...
compiling stm32f1xx_hal_gpio.c...
compiling stm32f1xx_hal_rcc_ex.c...
compiling stm32f1xx_hal_flash.c...
compiling gpio.c...
compiling stm32f1xx_hal_dma.c...
compiling stm32f1xx_hal_msp.c...
compiling stm32f1xx_hal_rcc.c...
compiling stm32f1xx_it.c...
compiling stm32f1xx_hal_tim_ex.c...
compiling main.c...
compiling usart.c...
compiling stm32f1xx_hal_uart.c...
compiling adc.c...
compiling tim.c...
compiling system_stm32f1xx.c...
compiling stm32f1xx_hal_tim.c...
compiling encoder.c...
compiling DataScope_DP.C...
compiling filter.c...
..\MiniBalance\filter.c(13): warning:  #550-D: variable "angle_dot"  was set but never used
  	static float angle_dot;
..\MiniBalance\filter.c(83): warning:  #550-D: variable "angle_dot"  was set but never used
  	static float angle_dot;
..\MiniBalance\filter.c: 2 warnings, 0 errors
compiling IOI2C.c...
compiling key.c...
compiling led.c...
compiling oled.c...
compiling usart3.c...
compiling delay.c...
compiling Lidar.c...
compiling ELE_CCD.c...
compiling sys.c...
compiling control.c...
compiling inv_mpu_dmp_motion_driver.c...
compiling MPU6050.c...
compiling show.c...
compiling inv_mpu.c...
compiling KF.c...
linking...
Program Size: Code=43266 RO-data=6742 RW-data=648 ZI-data=7304  
FromELF: creating hex file...
"..\Output\Minibalance.axf" - 0 Error(s), 2 Warning(s).

<h2>Software Packages used:</h2>

Package Vendor: ARM
                https://www.keil.com/pack/ARM.CMSIS.6.3.0.pack
                ARM::CMSIS@6.3.0
                CMSIS (Common Microcontroller Software Interface Standard)
   * Component: CORE Version: 6.2.0

Package Vendor: Keil
                https://www.keil.com/pack/Keil.STM32F1xx_DFP.2.4.1.pack
                Keil::STM32F1xx_DFP@2.4.1
                STMicroelectronics STM32F1 Series Device Support, Drivers and Examples

<h2>Collection of Component include folders:</h2>
  ./RTE/_Minibalance
  D:/9060/keil_5_pack/ARM/CMSIS/6.3.0/CMSIS/Core/Include
  D:/9060/keil_5_pack/Keil/STM32F1xx_DFP/2.4.1/Device/Include

<h2>Collection of Component Files used:</h2>

   * Component: ARM::CMSIS:CORE@6.2.0
      Include file:  CMSIS/Core/Include/tz_context.h
Build Time Elapsed:  00:00:04
</pre>
</body>
</html>
